<html>
<body>
<pre>
<h1>µVision Build Log</h1>
<h2>Tool Versions:</h2>
IDE-Version: ¦ÌVision V5.21.1.0
Copyright (C) 2016 ARM Ltd and ARM Germany GmbH. All rights reserved.
License Information: 1 2, 3, LIC=ZB4HL-0W1U0-UHQ8H-W13TV-AFN8U-13I4A
 
Tool Versions:
Toolchain:       MDK-ARM Plus  Version: 5.21a
Toolchain Path:  C:\Keil_v5\ARM\ARMCC\Bin
C Compiler:      Armcc.exe V5.06 update 3 (build 300)
Assembler:       Armasm.exe V5.06 update 3 (build 300)
Linker/Locator:  ArmLink.exe V5.06 update 3 (build 300)
Library Manager: ArmAr.exe V5.06 update 3 (build 300)
Hex Converter:   FromElf.exe V5.06 update 3 (build 300)
CPU DLL:         SARMCM3.DLL V5.21a
Dialog DLL:      DCM.DLL V1.13.8.0
Target DLL:      CMSIS_AGDI.dll V1.26.5.0
Dialog DLL:      TCM.DLL V1.14.14.0
 
<h2>Project:</h2>
C:\Users\Aero\Desktop\FC@401\trunk\FC_401.uvprojx
Project File Date:  03/25/2018

<h2>Output:</h2>
*** Using Compiler 'V5.06 update 3 (build 300)', folder: 'C:\Keil_v5\ARM\ARMCC\Bin'
Build target 'FC_401'
assembling startup_stm32f4xx.s...
compiling misc.c...
compiling stm32f4xx_adc.c...
compiling stm32f4xx_can.c...
compiling stm32f4xx_crc.c...
compiling stm32f4xx_cryp.c...
compiling stm32f4xx_cryp_aes.c...
compiling stm32f4xx_cryp_des.c...
compiling stm32f4xx_cryp_tdes.c...
compiling stm32f4xx_dac.c...
compiling stm32f4xx_dbgmcu.c...
compiling stm32f4xx_dcmi.c...
compiling stm32f4xx_dma.c...
compiling stm32f4xx_exti.c...
compiling stm32f4xx_flash.c...
compiling stm32f4xx_fsmc.c...
compiling stm32f4xx_gpio.c...
compiling stm32f4xx_hash.c...
compiling stm32f4xx_hash_md5.c...
compiling stm32f4xx_hash_sha1.c...
compiling stm32f4xx_i2c.c...
compiling stm32f4xx_iwdg.c...
compiling stm32f4xx_pwr.c...
compiling stm32f4xx_rcc.c...
compiling stm32f4xx_rng.c...
compiling stm32f4xx_rtc.c...
compiling stm32f4xx_sdio.c...
compiling stm32f4xx_spi.c...
compiling stm32f4xx_syscfg.c...
compiling stm32f4xx_tim.c...
compiling stm32f4xx_usart.c...
compiling stm32f4xx_wwdg.c...
compiling system_stm32f4xx.c...
compiling 24l01.c...
Mylib\android.h(32): warning:  #1295-D: Deprecated declaration SendToAndroid - give arg types
  void SendToAndroid();
Mylib\android.h(33): warning:  #1-D: last line of file ends without a newline
  #endif
Mylib\24l01.c: 2 warnings, 0 errors
compiling android.c...
Mylib\android.h(33): warning:  #1-D: last line of file ends without a newline
  #endif
Mylib\android.h(32): warning:  #1295-D: Deprecated declaration SendToAndroid - give arg types
  void SendToAndroid();
Mylib\android.h(33): warning:  #1-D: last line of file ends without a newline
  #endif
Mylib\android.c(54): warning:  #1035-D: single-precision operand implicitly converted to double-precision
  	phone.gyro_dps[0]=
adToDeg*phone.gyro_rps[0];
Mylib\android.c(55): warning:  #1035-D: single-precision operand implicitly converted to double-precision
  	phone.gyro_dps[1]=
adToDeg*phone.gyro_rps[1];
Mylib\android.c(56): warning:  #1035-D: single-precision operand implicitly converted to double-precision
  	phone.gyro_dps[2]=
adToDeg*phone.gyro_rps[2];
Mylib\android.c(167): warning:  #550-D: variable "num_1" was set but never used
  	uint8_t num_1;
Mylib\android.c(168): warning:  #550-D: variable "data_len_1" was set but never used
  	uint16_t data_len_1;
Mylib\android.c: 8 warnings, 0 errors
compiling board.c...
Mylib\android.h(32): warning:  #1295-D: Deprecated declaration SendToAndroid - give arg types
  void SendToAndroid();
Mylib\android.h(33): warning:  #1-D: last line of file ends without a newline
  #endif
Mylib\board.c: 2 warnings, 0 errors
compiling buzzer.c...
Mylib\android.h(32): warning:  #1295-D: Deprecated declaration SendToAndroid - give arg types
  void SendToAndroid();
Mylib\android.h(33): warning:  #1-D: last line of file ends without a newline
  #endif
Mylib\buzzer.c: 2 warnings, 0 errors
compiling control.c...
Mylib\android.h(32): warning:  #1295-D: Deprecated declaration SendToAndroid - give arg types
  void SendToAndroid();
Mylib\android.h(33): warning:  #1-D: last line of file ends without a newline
  #endif
Mylib\control.c: 2 warnings, 0 errors
compiling data_send.c...
Mylib\android.h(32): warning:  #1295-D: Deprecated declaration SendToAndroid - give arg types
  void SendToAndroid();
Mylib\android.h(33): warning:  #1-D: last line of file ends without a newline
  #endif
Mylib\data_send.c: 2 warnings, 0 errors
compiling dbus.c...
Mylib\android.h(32): warning:  #1295-D: Deprecated declaration SendToAndroid - give arg types
  void SendToAndroid();
Mylib\android.h(33): warning:  #1-D: last line of file ends without a newline
  #endif
Mylib\dbus.c(88): warning:  #177-D: variable "sbus_decode_buffer" was declared but never referenced
  	int16_t sbus_decode_buffer[4];
Mylib\dbus.c: 3 warnings, 0 errors
compiling filter.c...
Mylib\android.h(32): warning:  #1295-D: Deprecated declaration SendToAndroid - give arg types
  void SendToAndroid();
Mylib\android.h(33): warning:  #1-D: last line of file ends without a newline
  #endif
Mylib\filter.c: 2 warnings, 0 errors
compiling flash.c...
Mylib\android.h(32): warning:  #1295-D: Deprecated declaration SendToAndroid - give arg types
  void SendToAndroid();
Mylib\android.h(33): warning:  #1-D: last line of file ends without a newline
  #endif
Mylib\flash.c: 2 warnings, 0 errors
compiling gps.c...
Mylib\android.h(32): warning:  #1295-D: Deprecated declaration SendToAndroid - give arg types
  void SendToAndroid();
Mylib\android.h(33): warning:  #1-D: last line of file ends without a newline
  #endif
Mylib\gps.c: 2 warnings, 0 errors
compiling hcsr04.c...
Mylib\android.h(32): warning:  #1295-D: Deprecated declaration SendToAndroid - give arg types
  void SendToAndroid();
Mylib\android.h(33): warning:  #1-D: last line of file ends without a newline
  #endif
Mylib\hcsr04.c: 2 warnings, 0 errors
compiling height_control.c...
Mylib\android.h(32): warning:  #1295-D: Deprecated declaration SendToAndroid - give arg types
  void SendToAndroid();
Mylib\android.h(33): warning:  #1-D: last line of file ends without a newline
  #endif
Mylib\height_control.c: 2 warnings, 0 errors
compiling inerNav.c...
compiling hmc5883.c...
Mylib\android.h(32): warning:  #1295-D: Deprecated declaration SendToAndroid - give arg types
  void SendToAndroid();
Mylib\android.h(33): warning:  #1-D: last line of file ends without a newline
  #endif
Mylib\hmc5883.c: 2 warnings, 0 errors
compiling imu.c...
Mylib\android.h(32): warning:  #1295-D: Deprecated declaration SendToAndroid - give arg types
  void SendToAndroid();
Mylib\android.h(33): warning:  #1-D: last line of file ends without a newline
  #endif
Mylib\imu.c: 2 warnings, 0 errors
compiling inertialNav.c...
Mylib\android.h(32): warning:  #1295-D: Deprecated declaration SendToAndroid - give arg types
  void SendToAndroid();
Mylib\android.h(33): warning:  #1-D: last line of file ends without a newline
  #endif
Mylib\inertialNav.c(12): warning:  #177-D: variable "run_times" was declared but never referenced
  	  static u16 run_times = 0;
Mylib\inertialNav.c: 3 warnings, 0 errors
compiling led.c...
Mylib\android.h(32): warning:  #1295-D: Deprecated declaration SendToAndroid - give arg types
  void SendToAndroid();
Mylib\android.h(33): warning:  #1-D: last line of file ends without a newline
  #endif
Mylib\led.c: 2 warnings, 0 errors
compiling mpu6050.c...
Mylib\android.h(32): warning:  #1295-D: Deprecated declaration SendToAndroid - give arg types
  void SendToAndroid();
Mylib\android.h(33): warning:  #1-D: last line of file ends without a newline
  #endif
Mylib\mpu6050.c: 2 warnings, 0 errors
compiling mymath.c...
compiling ms5611.c...
Mylib\android.h(32): warning:  #1295-D: Deprecated declaration SendToAndroid - give arg types
  void SendToAndroid();
Mylib\android.h(33): warning:  #1-D: last line of file ends without a newline
  #endif
Mylib\ms5611.c: 2 warnings, 0 errors
compiling parameter.c...
Mylib\android.h(32): warning:  #1295-D: Deprecated declaration SendToAndroid - give arg types
  void SendToAndroid();
Mylib\android.h(33): warning:  #1-D: last line of file ends without a newline
  #endif
Mylib\parameter.c: 2 warnings, 0 errors
compiling pwm_in.c...
Mylib\android.h(32): warning:  #1295-D: Deprecated declaration SendToAndroid - give arg types
  void SendToAndroid();
Mylib\android.h(33): warning:  #1-D: last line of file ends without a newline
  #endif
Mylib\pwm_in.c(7): warning:  #177-D: variable "GPIO_InitStructure" was declared but never referenced
  GPIO_InitTypeDef   GPIO_InitStructure;
Mylib\pwm_in.c(332): warning:  #1-D: last line of file ends without a newline
  */
Mylib\pwm_in.c: 4 warnings, 0 errors
compiling pwm_out.c...
Mylib\android.h(32): warning:  #1295-D: Deprecated declaration SendToAndroid - give arg types
  void SendToAndroid();
Mylib\android.h(33): warning:  #1-D: last line of file ends without a newline
  #endif
Mylib\pwm_out.c: 2 warnings, 0 errors
compiling schedule.c...
Mylib\android.h(32): warning:  #1295-D: Deprecated declaration SendToAndroid - give arg types
  void SendToAndroid();
Mylib\android.h(33): warning:  #1-D: last line of file ends without a newline
  #endif
Mylib\schedule.c(16): warning:  #550-D: variable "loop_time_500hz" was set but never used
  	float loop_time_500hz;
Mylib\schedule.c(34): warning:  #177-D: variable "loop_time_200hz" was declared but never referenced
  		float loop_time_200hz;
Mylib\schedule.c(66): warning:  #550-D: variable "loop_time_20hz" was set but never used
  	float loop_time_20hz;
Mylib\schedule.c: 5 warnings, 0 errors
compiling softiic.c...
Mylib\android.h(32): warning:  #1295-D: Deprecated declaration SendToAndroid - give arg types
  void SendToAndroid();
Mylib\android.h(33): warning:  #1-D: last line of file ends without a newline
  #endif
Mylib\softiic.c: 2 warnings, 0 errors
compiling spi.c...
Mylib\android.h(32): warning:  #1295-D: Deprecated declaration SendToAndroid - give arg types
  void SendToAndroid();
Mylib\android.h(33): warning:  #1-D: last line of file ends without a newline
  #endif
Mylib\spi.c: 2 warnings, 0 errors
compiling time.c...
Mylib\android.h(32): warning:  #1295-D: Deprecated declaration SendToAndroid - give arg types
  void SendToAndroid();
Mylib\android.h(33): warning:  #1-D: last line of file ends without a newline
  #endif
Mylib\time.c: 2 warnings, 0 errors
compiling usart2.c...
Mylib\usart2.h(25): warning:  #1-D: last line of file ends without a newline
  #endif
Mylib\usart2.c: 1 warning, 0 errors
compiling uart5.c...
Mylib\android.h(32): warning:  #1295-D: Deprecated declaration SendToAndroid - give arg types
  void SendToAndroid();
Mylib\android.h(33): warning:  #1-D: last line of file ends without a newline
  #endif
Mylib\uart5.c(141): warning:  #550-D: variable "i" was set but never used
  	u16 i;
Mylib\uart5.c: 3 warnings, 0 errors
compiling usart1.c...
Mylib\android.h(32): warning:  #1295-D: Deprecated declaration SendToAndroid - give arg types
  void SendToAndroid();
Mylib\android.h(33): warning:  #1-D: last line of file ends without a newline
  #endif
Mylib\usart1.c: 2 warnings, 0 errors
compiling main.c...
.\Mylib\android.h(32): warning:  #1295-D: Deprecated declaration SendToAndroid - give arg types
  void SendToAndroid();
.\Mylib\android.h(33): warning:  #1-D: last line of file ends without a newline
  #endif
USR\main.c: 2 warnings, 0 errors
compiling stm32f4xx_it.c...
.\Mylib\android.h(32): warning:  #1295-D: Deprecated declaration SendToAndroid - give arg types
  void SendToAndroid();
.\Mylib\android.h(33): warning:  #1-D: last line of file ends without a newline
  #endif
USR\stm32f4xx_it.c: 2 warnings, 0 errors
linking...
Program Size: Code=41408 RO-data=888 RW-data=1460 ZI-data=5564  
FromELF: creating hex file...
".\Objects\FC_401.axf" - 0 Error(s), 73 Warning(s).

<h2>Collection of Component include folders:</h2>
  C:\Users\Aero\Desktop\FC@401\trunk\RTE
  C:\Keil_v5\ARM\PACK\Keil\STM32F4xx_DFP\2.11.0\Drivers\CMSIS\Device\ST\STM32F4xx\Include

<h2>Collection of Component Files used:</h2>
Build Time Elapsed:  00:00:16
</pre>
</body>
</html>
