Component: ARM Compiler 5.06 update 3 (build 300) Tool: armlink [4d35c9]

==============================================================================

Section Cross References

    startup_stm32f4xx.o(RESET) refers to startup_stm32f4xx.o(STACK) for __initial_sp
    startup_stm32f4xx.o(RESET) refers to startup_stm32f4xx.o(.text) for Reset_Handler
    startup_stm32f4xx.o(RESET) refers to stm32f4xx_it.o(.text) for NMI_Handler
    startup_stm32f4xx.o(RESET) refers to hcsr04.o(.text) for EXTI4_IRQHandler
    startup_stm32f4xx.o(RESET) refers to android.o(.text) for DMA1_Stream3_IRQHandler
    startup_stm32f4xx.o(RESET) refers to dbus.o(.text) for DMA1_Stream5_IRQHandler
    startup_stm32f4xx.o(RESET) refers to uart5.o(.text) for UART5_IRQHandler
    startup_stm32f4xx.o(.text) refers to system_stm32f4xx.o(.text) for SystemInit
    startup_stm32f4xx.o(.text) refers to entry.o(.ARM.Collect$$$$00000000) for __main
    stm32f4xx_adc.o(.text) refers to stm32f4xx_rcc.o(.text) for RCC_APB2PeriphResetCmd
    stm32f4xx_can.o(.text) refers to stm32f4xx_rcc.o(.text) for RCC_APB1PeriphResetCmd
    stm32f4xx_cryp.o(.text) refers to stm32f4xx_rcc.o(.text) for RCC_AHB2PeriphResetCmd
    stm32f4xx_cryp_aes.o(.text) refers to stm32f4xx_cryp.o(.text) for CRYP_KeyStructInit
    stm32f4xx_cryp_des.o(.text) refers to stm32f4xx_cryp.o(.text) for CRYP_KeyStructInit
    stm32f4xx_cryp_tdes.o(.text) refers to stm32f4xx_cryp.o(.text) for CRYP_KeyStructInit
    stm32f4xx_dac.o(.text) refers to stm32f4xx_rcc.o(.text) for RCC_APB1PeriphResetCmd
    stm32f4xx_gpio.o(.text) refers to stm32f4xx_rcc.o(.text) for RCC_AHB1PeriphResetCmd
    stm32f4xx_hash.o(.text) refers to stm32f4xx_rcc.o(.text) for RCC_AHB2PeriphResetCmd
    stm32f4xx_hash_md5.o(.text) refers to stm32f4xx_hash.o(.text) for HASH_DeInit
    stm32f4xx_hash_sha1.o(.text) refers to stm32f4xx_hash.o(.text) for HASH_DeInit
    stm32f4xx_i2c.o(.text) refers to stm32f4xx_rcc.o(.text) for RCC_APB1PeriphResetCmd
    stm32f4xx_pwr.o(.text) refers to stm32f4xx_rcc.o(.text) for RCC_APB1PeriphResetCmd
    stm32f4xx_rcc.o(.text) refers to stm32f4xx_rcc.o(.data) for APBAHBPrescTable
    stm32f4xx_rng.o(.text) refers to stm32f4xx_rcc.o(.text) for RCC_AHB2PeriphResetCmd
    stm32f4xx_sdio.o(.text) refers to stm32f4xx_rcc.o(.text) for RCC_APB2PeriphResetCmd
    stm32f4xx_spi.o(.text) refers to stm32f4xx_rcc.o(.text) for RCC_APB2PeriphResetCmd
    stm32f4xx_syscfg.o(.text) refers to stm32f4xx_rcc.o(.text) for RCC_APB2PeriphResetCmd
    stm32f4xx_tim.o(.text) refers to stm32f4xx_rcc.o(.text) for RCC_APB2PeriphResetCmd
    stm32f4xx_usart.o(.text) refers to stm32f4xx_rcc.o(.text) for RCC_APB2PeriphResetCmd
    stm32f4xx_wwdg.o(.text) refers to stm32f4xx_rcc.o(.text) for RCC_APB1PeriphResetCmd
    system_stm32f4xx.o(.text) refers to system_stm32f4xx.o(.data) for SystemCoreClock
    24l01.o(.text) refers to stm32f4xx_rcc.o(.text) for RCC_AHB1PeriphClockCmd
    24l01.o(.text) refers to stm32f4xx_gpio.o(.text) for GPIO_Init
    24l01.o(.text) refers to spi.o(.text) for SPI1_Init
    24l01.o(.text) refers to 24l01.o(.constdata) for RX_ADDRESS
    24l01.o(.text) refers to 24l01.o(.bss) for RADIO_RX_DATA
    android.o(.text) refers to f2d.o(.text) for __aeabi_f2d
    android.o(.text) refers to dmul.o(.text) for __aeabi_dmul
    android.o(.text) refers to d2f.o(.text) for __aeabi_d2f
    android.o(.text) refers to stm32f4xx_rcc.o(.text) for RCC_AHB1PeriphClockCmd
    android.o(.text) refers to stm32f4xx_gpio.o(.text) for GPIO_PinAFConfig
    android.o(.text) refers to stm32f4xx_usart.o(.text) for USART_Init
    android.o(.text) refers to misc.o(.text) for NVIC_Init
    android.o(.text) refers to stm32f4xx_dma.o(.text) for DMA_DeInit
    android.o(.text) refers to pwm_out.o(.text) for AndroidRPM
    android.o(.text) refers to android.o(.bss) for rx_buffer
    android.o(.text) refers to android.o(.data) for bf
    board.o(.text) refers to stm32f4xx_rcc.o(.text) for RCC_GetClocksFreq
    board.o(.text) refers to misc.o(.text) for SysTick_CLKSourceConfig
    board.o(.text) refers to led.o(.text) for Led_Init
    board.o(.text) refers to softiic.o(.text) for I2C_Soft_Init
    board.o(.text) refers to parameter.o(.text) for Get_parameter
    board.o(.text) refers to android.o(.text) for Android_Serialport_Config
    board.o(.text) refers to pwm_out.o(.text) for TIM3_PWM_Init
    board.o(.text) refers to time.o(.text) for Cycle_Time_Init
    board.o(.text) refers to ms5611.o(.text) for MS5611_Init
    board.o(.text) refers to filter.o(.text) for LPF2pSetCutoffFreq_1
    board.o(.text) refers to dbus.o(.text) for Dbus_Configuration
    board.o(.text) refers to board.o(.data) for sysTickUptime
    board.o(.text) refers to pwm_out.o(.data) for aircraft
    buzzer.o(.text) refers to stm32f4xx_rcc.o(.text) for RCC_AHB1PeriphClockCmd
    buzzer.o(.text) refers to stm32f4xx_gpio.o(.text) for GPIO_Init
[...]
    .text                                    0x0800839a   Section        0  dfltui.o(.text)
    .text                                    0x080083b4   Section        0  dfixi.o(.text)
    .text                                    0x080083f2   Section        0  f2d.o(.text)
    .text                                    0x08008418   Section       48  cdcmple.o(.text)
    .text                                    0x08008448   Section       48  cdrcmple.o(.text)
    .text                                    0x08008478   Section        0  d2f.o(.text)
    .text                                    0x080084b0   Section        0  llshl.o(.text)
    .text                                    0x080084ce   Section        0  llushr.o(.text)
    .text                                    0x080084ee   Section        0  llsshr.o(.text)
    .text                                    0x08008512   Section        0  iusefp.o(.text)
    .text                                    0x08008512   Section        0  fepilogue.o(.text)
    .text                                    0x08008580   Section        0  depilogue.o(.text)
    .text                                    0x0800863a   Section        0  dscalb.o(.text)
    .text                                    0x08008668   Section       36  init.o(.text)
    .text                                    0x0800868c   Section        0  dsqrt.o(.text)
    .text                                    0x0800872e   Section        0  __dczerorl2.o(.text)
    i.__ARM_fpclassify                       0x08008784   Section        0  fpclassify.o(i.__ARM_fpclassify)
    i.__ARM_fpclassifyf                      0x080087b4   Section        0  fpclassifyf.o(i.__ARM_fpclassifyf)
    i.__hardfp_cos                           0x080087e0   Section        0  cos.o(i.__hardfp_cos)
    i.__hardfp_cosf                          0x080088a8   Section        0  cosf.o(i.__hardfp_cosf)
    i.__hardfp_pow                           0x080089f8   Section        0  pow.o(i.__hardfp_pow)
    i.__hardfp_sin                           0x08009648   Section        0  sin.o(i.__hardfp_sin)
    i.__hardfp_tanf                          0x08009710   Section        0  tanf.o(i.__hardfp_tanf)
    i.__ieee754_rem_pio2                     0x08009890   Section        0  rred.o(i.__ieee754_rem_pio2)
    i.__kernel_cos                           0x08009cc8   Section        0  cos_i.o(i.__kernel_cos)
    i.__kernel_poly                          0x08009e38   Section        0  poly.o(i.__kernel_poly)
    i.__kernel_sin                           0x08009f30   Section        0  sin_i.o(i.__kernel_sin)
    i.__mathlib_dbl_divzero                  0x0800a060   Section        0  dunder.o(i.__mathlib_dbl_divzero)
    i.__mathlib_dbl_infnan                   0x0800a090   Section        0  dunder.o(i.__mathlib_dbl_infnan)
    i.__mathlib_dbl_infnan2                  0x0800a0a4   Section        0  dunder.o(i.__mathlib_dbl_infnan2)
    i.__mathlib_dbl_invalid                  0x0800a0b8   Section        0  dunder.o(i.__mathlib_dbl_invalid)
    i.__mathlib_dbl_overflow                 0x0800a0d8   Section        0  dunder.o(i.__mathlib_dbl_overflow)
    i.__mathlib_dbl_underflow                0x0800a0f8   Section        0  dunder.o(i.__mathlib_dbl_underflow)
    i.__mathlib_flt_infnan                   0x0800a118   Section        0  funder.o(i.__mathlib_flt_infnan)
    i.__mathlib_flt_invalid                  0x0800a120   Section        0  funder.o(i.__mathlib_flt_invalid)
    i.__mathlib_flt_underflow                0x0800a130   Section        0  funder.o(i.__mathlib_flt_underflow)
    i.__mathlib_rredf2                       0x0800a140   Section        0  rredf.o(i.__mathlib_rredf2)
    i.__scatterload_copy                     0x0800a294   Section       14  handlers.o(i.__scatterload_copy)
    i.__scatterload_null                     0x0800a2a2   Section        2  handlers.o(i.__scatterload_null)
    i.__scatterload_zeroinit                 0x0800a2a4   Section       14  handlers.o(i.__scatterload_zeroinit)
    i.__set_errno                            0x0800a2b4   Section        0  errno.o(i.__set_errno)
    i.fabs                                   0x0800a2c0   Section        0  fabs.o(i.fabs)
    i.sqrt                                   0x0800a2d8   Section        0  sqrt.o(i.sqrt)
    .constdata                               0x0800a348   Section      136  pow.o(.constdata)
    bp                                       0x0800a348   Data          16  pow.o(.constdata)
    dp_h                                     0x0800a358   Data          16  pow.o(.constdata)
    dp_l                                     0x0800a368   Data          16  pow.o(.constdata)
    L                                        0x0800a378   Data          48  pow.o(.constdata)
    P                                        0x0800a3a8   Data          40  pow.o(.constdata)
    .constdata                               0x0800a3d0   Section       48  cos_i.o(.constdata)
    C                                        0x0800a3d0   Data          48  cos_i.o(.constdata)
    .constdata                               0x0800a400   Section        8  qnan.o(.constdata)
    .constdata                               0x0800a408   Section      200  rred.o(.constdata)
    pio2s                                    0x0800a408   Data          48  rred.o(.constdata)
    twooverpi                                0x0800a438   Data         152  rred.o(.constdata)
    .constdata                               0x0800a4d0   Section       32  rredf.o(.constdata)
    twooverpi                                0x0800a4d0   Data          32  rredf.o(.constdata)
    .constdata                               0x0800a4f0   Section       40  sin_i.o(.constdata)
    S                                        0x0800a4f0   Data          40  sin_i.o(.constdata)
    .data                                    0x20000000   Section       16  stm32f4xx_rcc.o(.data)
    APBAHBPrescTable                         0x20000000   Data          16  stm32f4xx_rcc.o(.data)
    .data                                    0x20000010   Section       20  system_stm32f4xx.o(.data)
    .data                                    0x20000024   Section        6  android.o(.data)
    .data                                    0x2000002c   Section        4  board.o(.data)
    .data                                    0x20000030   Section      272  filter.o(.data)
    _cutoff_freq1                            0x20000030   Data           4  filter.o(.data)
    _a11                                     0x20000034   Data           4  filter.o(.data)
    _a21                                     0x20000038   Data           4  filter.o(.data)
    _b01                                     0x2000003c   Data           4  filter.o(.data)
    _b11                                     0x20000040   Data           4  filter.o(.data)
    _b21                                     0x20000044   Data           4  filter.o(.data)
    _delay_element_11                        0x20000048   Data           4  filter.o(.data)
    _delay_element_21                        0x2000004c   Data           4  filter.o(.data)
    _cutoff_freq2                            0x20000050   Data           4  filter.o(.data)
    _a12                                     0x20000054   Data           4  filter.o(.data)
    _a22                                     0x20000058   Data           4  filter.o(.data)
    _b02                                     0x2000005c   Data           4  filter.o(.data)
    _b12                                     0x20000060   Data           4  filter.o(.data)
    _b22                                     0x20000064   Data           4  filter.o(.data)
    _delay_element_12                        0x20000068   Data           4  filter.o(.data)
    _delay_element_22                        0x2000006c   Data           4  filter.o(.data)
    _cutoff_freq3                            0x20000070   Data           4  filter.o(.data)
    _a13                                     0x20000074   Data           4  filter.o(.data)
    _a23                                     0x20000078   Data           4  filter.o(.data)
    _b03                                     0x2000007c   Data           4  filter.o(.data)
    _b13                                     0x20000080   Data           4  filter.o(.data)
    _b23                                     0x20000084   Data           4  filter.o(.data)
    _delay_element_13                        0x20000088   Data           4  filter.o(.data)
    _delay_element_23                        0x2000008c   Data           4  filter.o(.data)
    _cutoff_freq4                            0x20000090   Data           4  filter.o(.data)
    _a14                                     0x20000094   Data           4  filter.o(.data)
    _a24                                     0x20000098   Data           4  filter.o(.data)
    _b04                                     0x2000009c   Data           4  filter.o(.data)
    _b14                                     0x200000a0   Data           4  filter.o(.data)
    _b24                                     0x200000a4   Data           4  filter.o(.data)
    _delay_element_14                        0x200000a8   Data           4  filter.o(.data)
    _delay_element_24                        0x200000ac   Data           4  filter.o(.data)
    _cutoff_freq5                            0x200000b0   Data           4  filter.o(.data)
    _a15                                     0x200000b4   Data           4  filter.o(.data)
    _a25                                     0x200000b8   Data           4  filter.o(.data)
    _b05                                     0x200000bc   Data           4  filter.o(.data)
    _b15                                     0x200000c0   Data           4  filter.o(.data)
    _b25                                     0x200000c4   Data           4  filter.o(.data)
    _delay_element_15                        0x200000c8   Data           4  filter.o(.data)
    _delay_element_25                        0x200000cc   Data           4  filter.o(.data)
    _cutoff_freq6                            0x200000d0   Data           4  filter.o(.data)
    _a16                                     0x200000d4   Data           4  filter.o(.data)
    _a26                                     0x200000d8   Data           4  filter.o(.data)
    _b06                                     0x200000dc   Data           4  filter.o(.data)
    _b16                                     0x200000e0   Data           4  filter.o(.data)
    _b26                                     0x200000e4   Data           4  filter.o(.data)
    _delay_element_16                        0x200000e8   Data           4  filter.o(.data)
    _delay_element_26                        0x200000ec   Data           4  filter.o(.data)
    _cutoff_freq7                            0x200000f0   Data           4  filter.o(.data)
    _a17                                     0x200000f4   Data           4  filter.o(.data)
    _a27                                     0x200000f8   Data           4  filter.o(.data)
    _b07                                     0x200000fc   Data           4  filter.o(.data)
    _b17                                     0x20000100   Data           4  filter.o(.data)
    _b27                                     0x20000104   Data           4  filter.o(.data)
    _delay_element_17                        0x20000108   Data           4  filter.o(.data)
    _delay_element_27                        0x2000010c   Data           4  filter.o(.data)
    _cutoff_freq8                            0x20000110   Data           4  filter.o(.data)
    _a18                                     0x20000114   Data           4  filter.o(.data)
    _a28                                     0x20000118   Data           4  filter.o(.data)
    _b08                                     0x2000011c   Data           4  filter.o(.data)
    _b18                                     0x20000120   Data           4  filter.o(.data)
    _b28                                     0x20000124   Data           4  filter.o(.data)
    _delay_element_18                        0x20000128   Data           4  filter.o(.data)
    _delay_element_28                        0x2000012c   Data           4  filter.o(.data)
    d_last                                   0x20000130   Data           8  filter.o(.data)
    p_last                                   0x20000138   Data           8  filter.o(.data)
    .data                                    0x20000140   Section        8  gps.o(.data)
    Follower_position_tra_x                  0x20000140   Data           4  gps.o(.data)
    Follower_position_tra_y                  0x20000144   Data           4  gps.o(.data)
    .data                                    0x20000148   Section       64  imu.o(.data)
    .data                                    0x20000188   Section       12  ms5611.o(.data)
    state                                    0x20000190   Data           4  ms5611.o(.data)
    .data                                    0x20000194   Section     1028  mymath.o(.data)
    .data                                    0x20000598   Section        8  pwm_out.o(.data)
    .data                                    0x200005a0   Section        9  schedule.o(.data)
    timer_50ms                               0x200005a8   Data           1  schedule.o(.data)
    .data                                    0x200005a9   Section        1  softiic.o(.data)
    .data                                    0x200005ac   Section        4  uart5.o(.data)
    .data                                    0x200005b0   Section        4  errno.o(.data)
    _errno                                   0x200005b0   Data           4  errno.o(.data)
    .bss                                     0x200005b4   Section       64  24l01.o(.bss)
    .bss                                     0x200005f4   Section      118  android.o(.bss)
    .bss                                     0x2000066c   Section      312  control.o(.bss)
    .bss                                     0x200007a4   Section       88  dbus.o(.bss)
    .bss                                     0x20000800   Section     3096  gps.o(.bss)
    .bss                                     0x20001418   Section       16  hcsr04.o(.bss)
    .bss                                     0x20001428   Section      156  height_control.o(.bss)
    .bss                                     0x200014c4   Section       80  hmc5883.o(.bss)
    .bss                                     0x20001514   Section       12  imu.o(.bss)
    .bss                                     0x20001520   Section      316  mpu6050.o(.bss)
    FILT_BUF                                 0x200015e4   Data         120  mpu6050.o(.bss)
    .bss                                     0x2000165c   Section       56  ms5611.o(.bss)
    .bss                                     0x20001694   Section       72  parameter.o(.bss)
    .bss                                     0x200016dc   Section       16  pwm_out.o(.bss)
    .bss                                     0x200016ec   Section       12  schedule.o(.bss)
    .bss                                     0x200016f8   Section      120  time.o(.bss)
    STACK                                    0x20001770   Section     1024  startup_stm32f4xx.o(STACK)

    Global Symbols

    Symbol Name                              Value     Ov Type        Size  Object(Section)

    BuildAttributes$$THM_ISAv4$E$P$D$K$B$S$7EM$VFPi3$EXTD16$VFPS$VFMA$PE$A:L22UL41UL21$X:L11$S22US41US21$IEEE1$IW$USESV6$~STKCKD$USESV7$~SHL$OTIME$ROPI$IEEEX$EBA8$MICROLIB$REQ8$PRES8$EABIv2 0x00000000   Number         0  anon$$obj.o ABSOLUTE
    __ARM_use_no_argv                        0x00000000   Number         0  main.o ABSOLUTE
    __use_no_errno                           0x00000000   Number         0  useno.o ABSOLUTE
    __use_no_exception_handling              0x00000000   Number         0  useno.o ABSOLUTE
    __use_no_fp                              0x00000000   Number         0  useno.o ABSOLUTE
    __use_no_heap                            0x00000000   Number         0  useno.o ABSOLUTE
    __use_no_heap_region                     0x00000000   Number         0  useno.o ABSOLUTE
    __use_no_semihosting                     0x00000000   Number         0  useno.o ABSOLUTE
    __use_no_semihosting_swi                 0x00000000   Number         0  useno.o ABSOLUTE
    __use_no_signal_handling                 0x00000000   Number         0  useno.o ABSOLUTE
    __cpp_initialize__aeabi_                  - Undefined Weak Reference
    __cxa_finalize                            - Undefined Weak Reference
    _clock_init                               - Undefined Weak Reference
    _microlib_exit                            - Undefined Weak Reference
    __Vectors_Size                           0x00000188   Number         0  startup_stm32f4xx.o ABSOLUTE
    __Vectors                                0x08000000   Data           4  startup_stm32f4xx.o(RESET)
    __Vectors_End                            0x08000188   Data           0  startup_stm32f4xx.o(RESET)
    __main                                   0x08000189   Thumb Code     0  entry.o(.ARM.Collect$$$$00000000)
    _main_stk                                0x08000189   Thumb Code     0  entry2.o(.ARM.Collect$$$$00000001)
    _main_scatterload                        0x0800018d   Thumb Code     0  entry5.o(.ARM.Collect$$$$00000004)
    __main_after_scatterload                 0x08000191   Thumb Code     0  entry5.o(.ARM.Collect$$$$00000004)
    _main_clock                              0x08000191   Thumb Code     0  entry7b.o(.ARM.Collect$$$$00000008)
    _main_cpp_init                           0x08000191   Thumb Code     0  entry8b.o(.ARM.Collect$$$$0000000A)
    _main_init                               0x08000191   Thumb Code     0  entry9a.o(.ARM.Collect$$$$0000000B)
    __rt_final_cpp                           0x08000199   Thumb Code     0  entry10a.o(.ARM.Collect$$$$0000000D)
    __rt_final_exit                          0x08000199   Thumb Code     0  entry11a.o(.ARM.Collect$$$$0000000F)
    NVIC_PriorityGroupConfig                 0x0800019d   Thumb Code    10  misc.o(.text)
    NVIC_Init                                0x080001a7   Thumb Code   106  misc.o(.text)
    NVIC_SetVectorTable                      0x08000211   Thumb Code    14  misc.o(.text)
    NVIC_SystemLPConfig                      0x0800021f   Thumb Code    34  misc.o(.text)
    SysTick_CLKSourceConfig                  0x08000241   Thumb Code    40  misc.o(.text)
    Reset_Handler                            0x0800027d   Thumb Code     8  startup_stm32f4xx.o(.text)
    ADC_IRQHandler                           0x08000297   Thumb Code     0  startup_stm32f4xx.o(.text)
    CAN1_RX0_IRQHandler                      0x08000297   Thumb Code     0  startup_stm32f4xx.o(.text)
    CAN1_RX1_IRQHandler                      0x08000297   Thumb Code     0  startup_stm32f4xx.o(.text)
    CAN1_SCE_IRQHandler                      0x08000297   Thumb Code     0  startup_stm32f4xx.o(.text)
    CAN1_TX_IRQHandler                       0x08000297   Thumb Code     0  startup_stm32f4xx.o(.text)
    CAN2_RX0_IRQHandler                      0x08000297   Thumb Code     0  startup_stm32f4xx.o(.text)
    CAN2_RX1_IRQHandler                      0x08000297   Thumb Code     0  startup_stm32f4xx.o(.text)
    CAN2_SCE_IRQHandler                      0x08000297   Thumb Code     0  startup_stm32f4xx.o(.text)
    CAN2_TX_IRQHandler                       0x08000297   Thumb Code     0  startup_stm32f4xx.o(.text)
    CRYP_IRQHandler                          0x08000297   Thumb Code     0  startup_stm32f4xx.o(.text)
    DCMI_IRQHandler                          0x08000297   Thumb Code     0  startup_stm32f4xx.o(.text)
    DMA1_Stream0_IRQHandler                  0x08000297   Thumb Code     0  startup_stm32f4xx.o(.text)
    DMA1_Stream1_IRQHandler                  0x08000297   Thumb Code     0  startup_stm32f4xx.o(.text)
    DMA1_Stream2_IRQHandler                  0x08000297   Thumb Code     0  startup_stm32f4xx.o(.text)
    DMA1_Stream4_IRQHandler                  0x08000297   Thumb Code     0  startup_stm32f4xx.o(.text)
    DMA1_Stream6_IRQHandler                  0x08000297   Thumb Code     0  startup_stm32f4xx.o(.text)
    DMA1_Stream7_IRQHandler                  0x08000297   Thumb Code     0  startup_stm32f4xx.o(.text)
    DMA2_Stream0_IRQHandler                  0x08000297   Thumb Code     0  startup_stm32f4xx.o(.text)
    DMA2_Stream1_IRQHandler                  0x08000297   Thumb Code     0  startup_stm32f4xx.o(.text)
    DMA2_Stream2_IRQHandler                  0x08000297   Thumb Code     0  startup_stm32f4xx.o(.text)
    DMA2_Stream3_IRQHandler                  0x08000297   Thumb Code     0  startup_stm32f4xx.o(.text)
    DMA2_Stream4_IRQHandler                  0x08000297   Thumb Code     0  startup_stm32f4xx.o(.text)
    DMA2_Stream5_IRQHandler                  0x08000297   Thumb Code     0  startup_stm32f4xx.o(.text)
    DMA2_Stream6_IRQHandler                  0x08000297   Thumb Code     0  startup_stm32f4xx.o(.text)
    DMA2_Stream7_IRQHandler                  0x08000297   Thumb Code     0  startup_stm32f4xx.o(.text)
    ETH_IRQHandler                           0x08000297   Thumb Code     0  startup_stm32f4xx.o(.text)
    ETH_WKUP_IRQHandler                      0x08000297   Thumb Code     0  startup_stm32f4xx.o(.text)
    EXTI0_IRQHandler                         0x08000297   Thumb Code     0  startup_stm32f4xx.o(.text)
    EXTI15_10_IRQHandler                     0x08000297   Thumb Code     0  startup_stm32f4xx.o(.text)
    EXTI1_IRQHandler                         0x08000297   Thumb Code     0  startup_stm32f4xx.o(.text)
    EXTI2_IRQHandler                         0x08000297   Thumb Code     0  startup_stm32f4xx.o(.text)
    EXTI3_IRQHandler                         0x08000297   Thumb Code     0  startup_stm32f4xx.o(.text)
    EXTI9_5_IRQHandler                       0x08000297   Thumb Code     0  startup_stm32f4xx.o(.text)
    FLASH_IRQHandler                         0x08000297   Thumb Code     0  startup_stm32f4xx.o(.text)
    FPU_IRQHandler                           0x08000297   Thumb Code     0  startup_stm32f4xx.o(.text)
    FSMC_IRQHandler                          0x08000297   Thumb Code     0  startup_stm32f4xx.o(.text)
    HASH_RNG_IRQHandler                      0x08000297   Thumb Code     0  startup_stm32f4xx.o(.text)
    I2C1_ER_IRQHandler                       0x08000297   Thumb Code     0  startup_stm32f4xx.o(.text)
    I2C1_EV_IRQHandler                       0x08000297   Thumb Code     0  startup_stm32f4xx.o(.text)
    I2C2_ER_IRQHandler                       0x08000297   Thumb Code     0  startup_stm32f4xx.o(.text)
    I2C2_EV_IRQHandler                       0x08000297   Thumb Code     0  startup_stm32f4xx.o(.text)
    I2C3_ER_IRQHandler                       0x08000297   Thumb Code     0  startup_stm32f4xx.o(.text)
    I2C3_EV_IRQHandler                       0x08000297   Thumb Code     0  startup_stm32f4xx.o(.text)
    OTG_FS_IRQHandler                        0x08000297   Thumb Code     0  startup_stm32f4xx.o(.text)
    OTG_FS_WKUP_IRQHandler                   0x08000297   Thumb Code     0  startup_stm32f4xx.o(.text)
    OTG_HS_EP1_IN_IRQHandler                 0x08000297   Thumb Code     0  startup_stm32f4xx.o(.text)
    OTG_HS_EP1_OUT_IRQHandler                0x08000297   Thumb Code     0  startup_stm32f4xx.o(.text)
    OTG_HS_IRQHandler                        0x08000297   Thumb Code     0  startup_stm32f4xx.o(.text)
    OTG_HS_WKUP_IRQHandler                   0x08000297   Thumb Code     0  startup_stm32f4xx.o(.text)
    PVD_IRQHandler                           0x08000297   Thumb Code     0  startup_stm32f4xx.o(.text)
    RCC_IRQHandler                           0x08000297   Thumb Code     0  startup_stm32f4xx.o(.text)
    RTC_Alarm_IRQHandler                     0x08000297   Thumb Code     0  startup_stm32f4xx.o(.text)
    RTC_WKUP_IRQHandler                      0x08000297   Thumb Code     0  startup_stm32f4xx.o(.text)
    SDIO_IRQHandler                          0x08000297   Thumb Code     0  startup_stm32f4xx.o(.text)
    SPI1_IRQHandler                          0x08000297   Thumb Code     0  startup_stm32f4xx.o(.text)
    SPI2_IRQHandler                          0x08000297   Thumb Code     0  startup_stm32f4xx.o(.text)
    SPI3_IRQHandler                          0x08000297   Thumb Code     0  startup_stm32f4xx.o(.text)
    TAMP_STAMP_IRQHandler                    0x08000297   Thumb Code     0  startup_stm32f4xx.o(.text)
    TIM1_BRK_TIM9_IRQHandler                 0x08000297   Thumb Code     0  startup_stm32f4xx.o(.text)
    TIM1_CC_IRQHandler                       0x08000297   Thumb Code     0  startup_stm32f4xx.o(.text)
    TIM1_TRG_COM_TIM11_IRQHandler            0x08000297   Thumb Code     0  startup_stm32f4xx.o(.text)
    TIM1_UP_TIM10_IRQHandler                 0x08000297   Thumb Code     0  startup_stm32f4xx.o(.text)
    TIM2_IRQHandler                          0x08000297   Thumb Code     0  startup_stm32f4xx.o(.text)
    TIM3_IRQHandler                          0x08000297   Thumb Code     0  startup_stm32f4xx.o(.text)
    TIM4_IRQHandler                          0x08000297   Thumb Code     0  startup_stm32f4xx.o(.text)
    TIM5_IRQHandler                          0x08000297   Thumb Code     0  startup_stm32f4xx.o(.text)
    TIM6_DAC_IRQHandler                      0x08000297   Thumb Code     0  startup_stm32f4xx.o(.text)
    TIM7_IRQHandler                          0x08000297   Thumb Code     0  startup_stm32f4xx.o(.text)
    TIM8_BRK_TIM12_IRQHandler                0x08000297   Thumb Code     0  startup_stm32f4xx.o(.text)
    TIM8_CC_IRQHandler                       0x08000297   Thumb Code     0  startup_stm32f4xx.o(.text)
    TIM8_TRG_COM_TIM14_IRQHandler            0x08000297   Thumb Code     0  startup_stm32f4xx.o(.text)
    TIM8_UP_TIM13_IRQHandler                 0x08000297   Thumb Code     0  startup_stm32f4xx.o(.text)
    UART4_IRQHandler                         0x08000297   Thumb Code     0  startup_stm32f4xx.o(.text)
    USART1_IRQHandler                        0x08000297   Thumb Code     0  startup_stm32f4xx.o(.text)
    USART2_IRQHandler                        0x08000297   Thumb Code     0  startup_stm32f4xx.o(.text)
    USART6_IRQHandler                        0x08000297   Thumb Code     0  startup_stm32f4xx.o(.text)
    WWDG_IRQHandler                          0x08000297   Thumb Code     0  startup_stm32f4xx.o(.text)
    DMA_DeInit                               0x080002a1   Thumb Code   324  stm32f4xx_dma.o(.text)
    DMA_Init                                 0x080003e5   Thumb Code    82  stm32f4xx_dma.o(.text)
    DMA_StructInit                           0x08000437   Thumb Code    34  stm32f4xx_dma.o(.text)
    DMA_Cmd                                  0x08000459   Thumb Code    22  stm32f4xx_dma.o(.text)
    DMA_PeriphIncOffsetSizeConfig            0x0800046f   Thumb Code    22  stm32f4xx_dma.o(.text)
    DMA_FlowControllerConfig                 0x08000485   Thumb Code    22  stm32f4xx_dma.o(.text)
    DMA_SetCurrDataCounter                   0x0800049b   Thumb Code     4  stm32f4xx_dma.o(.text)
    DMA_GetCurrDataCounter                   0x0800049f   Thumb Code     8  stm32f4xx_dma.o(.text)
    DMA_DoubleBufferModeConfig               0x080004a7   Thumb Code    24  stm32f4xx_dma.o(.text)
    DMA_DoubleBufferModeCmd                  0x080004bf   Thumb Code    22  stm32f4xx_dma.o(.text)
    DMA_MemoryTargetConfig                   0x080004d5   Thumb Code    10  stm32f4xx_dma.o(.text)
    DMA_GetCurrentMemoryTarget               0x080004df   Thumb Code    20  stm32f4xx_dma.o(.text)
    DMA_GetCmdStatus                         0x080004f3   Thumb Code    20  stm32f4xx_dma.o(.text)
    DMA_GetFIFOStatus                        0x08000507   Thumb Code    12  stm32f4xx_dma.o(.text)
    DMA_GetFlagStatus                        0x08000513   Thumb Code    56  stm32f4xx_dma.o(.text)
    DMA_ClearFlag                            0x0800054b   Thumb Code    40  stm32f4xx_dma.o(.text)
    DMA_ITConfig                             0x08000573   Thumb Code    58  stm32f4xx_dma.o(.text)
    DMA_GetITStatus                          0x080005ad   Thumb Code    84  stm32f4xx_dma.o(.text)
    DMA_ClearITPendingBit                    0x08000601   Thumb Code    40  stm32f4xx_dma.o(.text)
    EXTI_DeInit                              0x08000649   Thumb Code    28  stm32f4xx_exti.o(.text)
    EXTI_Init                                0x08000665   Thumb Code   142  stm32f4xx_exti.o(.text)
    EXTI_StructInit                          0x080006f3   Thumb Code    16  stm32f4xx_exti.o(.text)
    EXTI_GenerateSWInterrupt                 0x08000703   Thumb Code    16  stm32f4xx_exti.o(.text)
    EXTI_GetFlagStatus                       0x08000713   Thumb Code    22  stm32f4xx_exti.o(.text)
    EXTI_ClearFlag                           0x08000729   Thumb Code     8  stm32f4xx_exti.o(.text)
    EXTI_GetITStatus                         0x08000731   Thumb Code    34  stm32f4xx_exti.o(.text)
    EXTI_ClearITPendingBit                   0x08000753   Thumb Code     8  stm32f4xx_exti.o(.text)
    FLASH_SetLatency                         0x08000765   Thumb Code     6  stm32f4xx_flash.o(.text)
    FLASH_PrefetchBufferCmd                  0x0800076b   Thumb Code    30  stm32f4xx_flash.o(.text)
    FLASH_InstructionCacheCmd                0x08000789   Thumb Code    30  stm32f4xx_flash.o(.text)
    FLASH_DataCacheCmd                       0x080007a7   Thumb Code    30  stm32f4xx_flash.o(.text)
    FLASH_InstructionCacheReset              0x080007c5   Thumb Code    14  stm32f4xx_flash.o(.text)
    FLASH_DataCacheReset                     0x080007d3   Thumb Code    14  stm32f4xx_flash.o(.text)
    FLASH_Unlock                             0x080007e1   Thumb Code    26  stm32f4xx_flash.o(.text)
    FLASH_Lock                               0x080007fb   Thumb Code    18  stm32f4xx_flash.o(.text)
    FLASH_GetStatus                          0x0800080d   Thumb Code    74  stm32f4xx_flash.o(.text)
    FLASH_WaitForLastOperation               0x08000857   Thumb Code    34  stm32f4xx_flash.o(.text)
    FLASH_EraseSector                        0x08000879   Thumb Code   140  stm32f4xx_flash.o(.text)
    FLASH_EraseAllSectors                    0x08000905   Thumb Code   112  stm32f4xx_flash.o(.text)
    FLASH_ProgramDoubleWord                  0x08000975   Thumb Code    86  stm32f4xx_flash.o(.text)
    FLASH_ProgramWord                        0x080009cb   Thumb Code    82  stm32f4xx_flash.o(.text)
    FLASH_ProgramHalfWord                    0x08000a1d   Thumb Code    82  stm32f4xx_flash.o(.text)
    FLASH_ProgramByte                        0x08000a6f   Thumb Code    78  stm32f4xx_flash.o(.text)
    FLASH_OB_Unlock                          0x08000abd   Thumb Code    26  stm32f4xx_flash.o(.text)
    FLASH_OB_Lock                            0x08000ad7   Thumb Code    18  stm32f4xx_flash.o(.text)
    FLASH_OB_WRPConfig                       0x08000ae9   Thumb Code    54  stm32f4xx_flash.o(.text)
    FLASH_OB_RDPConfig                       0x08000b1f   Thumb Code    24  stm32f4xx_flash.o(.text)
    FLASH_OB_UserConfig                      0x08000b37   Thumb Code    68  stm32f4xx_flash.o(.text)
    FLASH_OB_BORConfig                       0x08000b7b   Thumb Code    22  stm32f4xx_flash.o(.text)
    FLASH_OB_Launch                          0x08000b91   Thumb Code    26  stm32f4xx_flash.o(.text)
    FLASH_OB_GetUser                         0x08000bab   Thumb Code    10  stm32f4xx_flash.o(.text)
    FLASH_OB_GetWRP                          0x08000bb5   Thumb Code     8  stm32f4xx_flash.o(.text)
    FLASH_OB_GetRDP                          0x08000bbd   Thumb Code    20  stm32f4xx_flash.o(.text)
    FLASH_OB_GetBOR                          0x08000bd1   Thumb Code    10  stm32f4xx_flash.o(.text)
    FLASH_ITConfig                           0x08000bdb   Thumb Code    34  stm32f4xx_flash.o(.text)
    FLASH_GetFlagStatus                      0x08000bfd   Thumb Code    22  stm32f4xx_flash.o(.text)
    FLASH_ClearFlag                          0x08000c13   Thumb Code     8  stm32f4xx_flash.o(.text)
    GPIO_DeInit                              0x08000c21   Thumb Code   220  stm32f4xx_gpio.o(.text)
    GPIO_Init                                0x08000cfd   Thumb Code   144  stm32f4xx_gpio.o(.text)
    GPIO_StructInit                          0x08000d8d   Thumb Code    18  stm32f4xx_gpio.o(.text)
    GPIO_PinLockConfig                       0x08000d9f   Thumb Code    34  stm32f4xx_gpio.o(.text)
    GPIO_ReadInputDataBit                    0x08000dc1   Thumb Code    18  stm32f4xx_gpio.o(.text)
    GPIO_ReadInputData                       0x08000dd3   Thumb Code     8  stm32f4xx_gpio.o(.text)
    GPIO_ReadOutputDataBit                   0x08000ddb   Thumb Code    18  stm32f4xx_gpio.o(.text)
    GPIO_ReadOutputData                      0x08000ded   Thumb Code     8  stm32f4xx_gpio.o(.text)
    GPIO_SetBits                             0x08000df5   Thumb Code     4  stm32f4xx_gpio.o(.text)
    GPIO_ResetBits                           0x08000df9   Thumb Code     4  stm32f4xx_gpio.o(.text)
    GPIO_WriteBit                            0x08000dfd   Thumb Code    10  stm32f4xx_gpio.o(.text)
    GPIO_Write                               0x08000e07   Thumb Code     4  stm32f4xx_gpio.o(.text)
    GPIO_ToggleBits                          0x08000e0b   Thumb Code     8  stm32f4xx_gpio.o(.text)
    GPIO_PinAFConfig                         0x08000e13   Thumb Code    70  stm32f4xx_gpio.o(.text)
    RCC_DeInit                               0x08000e7d   Thumb Code    60  stm32f4xx_rcc.o(.text)
    RCC_HSEConfig                            0x08000eb9   Thumb Code    14  stm32f4xx_rcc.o(.text)
    RCC_GetFlagStatus                        0x08000ec7   Thumb Code    60  stm32f4xx_rcc.o(.text)
    RCC_WaitForHSEStartUp                    0x08000f03   Thumb Code    56  stm32f4xx_rcc.o(.text)
    RCC_AdjustHSICalibrationValue            0x08000f3b   Thumb Code    20  stm32f4xx_rcc.o(.text)
    RCC_HSICmd                               0x08000f4f   Thumb Code     6  stm32f4xx_rcc.o(.text)
    RCC_LSEConfig                            0x08000f55   Thumb Code    46  stm32f4xx_rcc.o(.text)
    RCC_LSICmd                               0x08000f83   Thumb Code     6  stm32f4xx_rcc.o(.text)
    RCC_PLLConfig                            0x08000f89   Thumb Code    32  stm32f4xx_rcc.o(.text)
    RCC_PLLCmd                               0x08000fa9   Thumb Code     6  stm32f4xx_rcc.o(.text)
    RCC_PLLI2SConfig                         0x08000faf   Thumb Code    14  stm32f4xx_rcc.o(.text)
    RCC_PLLI2SCmd                            0x08000fbd   Thumb Code     6  stm32f4xx_rcc.o(.text)
    RCC_ClockSecuritySystemCmd               0x08000fc3   Thumb Code     6  stm32f4xx_rcc.o(.text)
    RCC_MCO1Config                           0x08000fc9   Thumb Code    28  stm32f4xx_rcc.o(.text)
    RCC_MCO2Config                           0x08000fe5   Thumb Code    28  stm32f4xx_rcc.o(.text)
    RCC_SYSCLKConfig                         0x08001001   Thumb Code    20  stm32f4xx_rcc.o(.text)
    RCC_GetSYSCLKSource                      0x08001015   Thumb Code    12  stm32f4xx_rcc.o(.text)
    RCC_HCLKConfig                           0x08001021   Thumb Code    20  stm32f4xx_rcc.o(.text)
    RCC_PCLK1Config                          0x08001035   Thumb Code    20  stm32f4xx_rcc.o(.text)
    RCC_PCLK2Config                          0x08001049   Thumb Code    22  stm32f4xx_rcc.o(.text)
    RCC_GetClocksFreq                        0x0800105f   Thumb Code   222  stm32f4xx_rcc.o(.text)
    RCC_RTCCLKConfig                         0x0800113d   Thumb Code    54  stm32f4xx_rcc.o(.text)
    RCC_RTCCLKCmd                            0x08001173   Thumb Code     8  stm32f4xx_rcc.o(.text)
    RCC_BackupResetCmd                       0x0800117b   Thumb Code     8  stm32f4xx_rcc.o(.text)
    RCC_I2SCLKConfig                         0x08001183   Thumb Code     6  stm32f4xx_rcc.o(.text)
    RCC_AHB1PeriphClockCmd                   0x08001189   Thumb Code    34  stm32f4xx_rcc.o(.text)
    RCC_AHB2PeriphClockCmd                   0x080011ab   Thumb Code    34  stm32f4xx_rcc.o(.text)
    RCC_AHB3PeriphClockCmd                   0x080011cd   Thumb Code    34  stm32f4xx_rcc.o(.text)
    RCC_APB1PeriphClockCmd                   0x080011ef   Thumb Code    34  stm32f4xx_rcc.o(.text)
    RCC_APB2PeriphClockCmd                   0x08001211   Thumb Code    34  stm32f4xx_rcc.o(.text)
    RCC_AHB1PeriphResetCmd                   0x08001233   Thumb Code    34  stm32f4xx_rcc.o(.text)
    RCC_AHB2PeriphResetCmd                   0x08001255   Thumb Code    72  stm32f4xx_rcc.o(.text)
    RCC_AHB3PeriphResetCmd                   0x0800129d   Thumb Code    34  stm32f4xx_rcc.o(.text)
    RCC_APB1PeriphResetCmd                   0x080012bf   Thumb Code    34  stm32f4xx_rcc.o(.text)
    RCC_APB2PeriphResetCmd                   0x080012e1   Thumb Code    34  stm32f4xx_rcc.o(.text)
    RCC_AHB1PeriphClockLPModeCmd             0x08001303   Thumb Code    34  stm32f4xx_rcc.o(.text)
    RCC_AHB2PeriphClockLPModeCmd             0x08001325   Thumb Code    34  stm32f4xx_rcc.o(.text)
    RCC_AHB3PeriphClockLPModeCmd             0x08001347   Thumb Code    34  stm32f4xx_rcc.o(.text)
    RCC_APB1PeriphClockLPModeCmd             0x08001369   Thumb Code    34  stm32f4xx_rcc.o(.text)
    RCC_APB2PeriphClockLPModeCmd             0x0800138b   Thumb Code    34  stm32f4xx_rcc.o(.text)
    RCC_ITConfig                             0x080013ad   Thumb Code    34  stm32f4xx_rcc.o(.text)
    RCC_ClearFlag                            0x080013cf   Thumb Code    18  stm32f4xx_rcc.o(.text)
    RCC_GetITStatus                          0x080013e1   Thumb Code    22  stm32f4xx_rcc.o(.text)
    RCC_ClearITPendingBit                    0x080013f7   Thumb Code     8  stm32f4xx_rcc.o(.text)
    SYSCFG_DeInit                            0x08001405   Thumb Code    22  stm32f4xx_syscfg.o(.text)
    SYSCFG_MemoryRemapConfig                 0x0800141b   Thumb Code     6  stm32f4xx_syscfg.o(.text)
    SYSCFG_EXTILineConfig                    0x08001421   Thumb Code    66  stm32f4xx_syscfg.o(.text)
    SYSCFG_ETH_MediaInterfaceConfig          0x08001463   Thumb Code     6  stm32f4xx_syscfg.o(.text)
    SYSCFG_CompensationCellCmd               0x08001469   Thumb Code     6  stm32f4xx_syscfg.o(.text)
    SYSCFG_GetCompensationCellStatus         0x0800146f   Thumb Code    22  stm32f4xx_syscfg.o(.text)
    TIM_DeInit                               0x08001491   Thumb Code   346  stm32f4xx_tim.o(.text)
    TIM_TimeBaseInit                         0x080015eb   Thumb Code   104  stm32f4xx_tim.o(.text)
    TIM_TimeBaseStructInit                   0x08001653   Thumb Code    18  stm32f4xx_tim.o(.text)
    TIM_PrescalerConfig                      0x08001665   Thumb Code     6  stm32f4xx_tim.o(.text)
    TIM_CounterModeConfig                    0x0800166b   Thumb Code    18  stm32f4xx_tim.o(.text)
    TIM_SetCounter                           0x0800167d   Thumb Code     4  stm32f4xx_tim.o(.text)
    TIM_SetAutoreload                        0x08001681   Thumb Code     4  stm32f4xx_tim.o(.text)
    TIM_GetCounter                           0x08001685   Thumb Code     6  stm32f4xx_tim.o(.text)
    TIM_GetPrescaler                         0x0800168b   Thumb Code     6  stm32f4xx_tim.o(.text)
    TIM_UpdateDisableConfig                  0x08001691   Thumb Code    24  stm32f4xx_tim.o(.text)
    TIM_UpdateRequestConfig                  0x080016a9   Thumb Code    24  stm32f4xx_tim.o(.text)
    TIM_ARRPreloadConfig                     0x080016c1   Thumb Code    24  stm32f4xx_tim.o(.text)
    TIM_SelectOnePulseMode                   0x080016d9   Thumb Code    18  stm32f4xx_tim.o(.text)
    TIM_SetClockDivision                     0x080016eb   Thumb Code    18  stm32f4xx_tim.o(.text)
    TIM_Cmd                                  0x080016fd   Thumb Code    24  stm32f4xx_tim.o(.text)
    TIM_OC1Init                              0x08001715   Thumb Code   114  stm32f4xx_tim.o(.text)
    TIM_OC2Init                              0x08001787   Thumb Code   154  stm32f4xx_tim.o(.text)
    TIM_OC3Init                              0x08001821   Thumb Code   204  stm32f4xx_tim.o(.text)
    TIM_OC4Init                              0x080018ed   Thumb Code   112  stm32f4xx_tim.o(.text)
    TIM_OCStructInit                         0x0800195d   Thumb Code    20  stm32f4xx_tim.o(.text)
    TIM_SelectOCxM                           0x08001971   Thumb Code    86  stm32f4xx_tim.o(.text)
    TIM_SetCompare1                          0x080019c7   Thumb Code     4  stm32f4xx_tim.o(.text)
    TIM_SetCompare2                          0x080019cb   Thumb Code     4  stm32f4xx_tim.o(.text)
    TIM_SetCompare3                          0x080019cf   Thumb Code     4  stm32f4xx_tim.o(.text)
    TIM_SetCompare4                          0x080019d3   Thumb Code     4  stm32f4xx_tim.o(.text)
    TIM_ForcedOC1Config                      0x080019d7   Thumb Code    18  stm32f4xx_tim.o(.text)
    TIM_ForcedOC2Config                      0x080019e9   Thumb Code    26  stm32f4xx_tim.o(.text)
    TIM_ForcedOC3Config                      0x08001a03   Thumb Code    18  stm32f4xx_tim.o(.text)
    TIM_ForcedOC4Config                      0x08001a15   Thumb Code    26  stm32f4xx_tim.o(.text)
    TIM_OC1PreloadConfig                     0x08001a2f   Thumb Code    18  stm32f4xx_tim.o(.text)
    TIM_OC2PreloadConfig                     0x08001a41   Thumb Code    26  stm32f4xx_tim.o(.text)
    TIM_OC3PreloadConfig                     0x08001a5b   Thumb Code    18  stm32f4xx_tim.o(.text)
    TIM_OC4PreloadConfig                     0x08001a6d   Thumb Code    26  stm32f4xx_tim.o(.text)
    TIM_OC1FastConfig                        0x08001a87   Thumb Code    18  stm32f4xx_tim.o(.text)
    TIM_OC2FastConfig                        0x08001a99   Thumb Code    26  stm32f4xx_tim.o(.text)
    TIM_OC3FastConfig                        0x08001ab3   Thumb Code    18  stm32f4xx_tim.o(.text)
    TIM_OC4FastConfig                        0x08001ac5   Thumb Code    26  stm32f4xx_tim.o(.text)
    TIM_ClearOC1Ref                          0x08001adf   Thumb Code    18  stm32f4xx_tim.o(.text)
    TIM_ClearOC2Ref                          0x08001af1   Thumb Code    24  stm32f4xx_tim.o(.text)
    TIM_ClearOC3Ref                          0x08001b09   Thumb Code    18  stm32f4xx_tim.o(.text)
    TIM_ClearOC4Ref                          0x08001b1b   Thumb Code    24  stm32f4xx_tim.o(.text)
    TIM_OC1PolarityConfig                    0x08001b33   Thumb Code    18  stm32f4xx_tim.o(.text)
    TIM_OC1NPolarityConfig                   0x08001b45   Thumb Code    18  stm32f4xx_tim.o(.text)
    TIM_OC2PolarityConfig                    0x08001b57   Thumb Code    26  stm32f4xx_tim.o(.text)
    TIM_OC2NPolarityConfig                   0x08001b71   Thumb Code    26  stm32f4xx_tim.o(.text)
    TIM_OC3PolarityConfig                    0x08001b8b   Thumb Code    26  stm32f4xx_tim.o(.text)
    TIM_OC3NPolarityConfig                   0x08001ba5   Thumb Code    26  stm32f4xx_tim.o(.text)
    TIM_OC4PolarityConfig                    0x08001bbf   Thumb Code    26  stm32f4xx_tim.o(.text)
    TIM_CCxCmd                               0x08001bd9   Thumb Code    30  stm32f4xx_tim.o(.text)
    TIM_CCxNCmd                              0x08001bf7   Thumb Code    30  stm32f4xx_tim.o(.text)
    TIM_SetIC4Prescaler                      0x08001c15   Thumb Code    26  stm32f4xx_tim.o(.text)
    TIM_SetIC3Prescaler                      0x08001c7f   Thumb Code    18  stm32f4xx_tim.o(.text)
    TIM_SetIC2Prescaler                      0x08001cd9   Thumb Code    26  stm32f4xx_tim.o(.text)
    TIM_SetIC1Prescaler                      0x08001d4d   Thumb Code    18  stm32f4xx_tim.o(.text)
    TIM_ICInit                               0x08001d99   Thumb Code   110  stm32f4xx_tim.o(.text)
    TIM_ICStructInit                         0x08001e07   Thumb Code    18  stm32f4xx_tim.o(.text)
    TIM_PWMIConfig                           0x08001e19   Thumb Code   124  stm32f4xx_tim.o(.text)
    TIM_GetCapture1                          0x08001e95   Thumb Code     6  stm32f4xx_tim.o(.text)
    TIM_GetCapture2                          0x08001e9b   Thumb Code     6  stm32f4xx_tim.o(.text)
    TIM_GetCapture3                          0x08001ea1   Thumb Code     6  stm32f4xx_tim.o(.text)
    TIM_GetCapture4                          0x08001ea7   Thumb Code     6  stm32f4xx_tim.o(.text)
    TIM_BDTRConfig                           0x08001ead   Thumb Code    32  stm32f4xx_tim.o(.text)
    TIM_BDTRStructInit                       0x08001ecd   Thumb Code    18  stm32f4xx_tim.o(.text)
    TIM_CtrlPWMOutputs                       0x08001edf   Thumb Code    30  stm32f4xx_tim.o(.text)
    TIM_SelectCOM                            0x08001efd   Thumb Code    24  stm32f4xx_tim.o(.text)
    TIM_CCPreloadControl                     0x08001f15   Thumb Code    24  stm32f4xx_tim.o(.text)
    TIM_ITConfig                             0x08001f2d   Thumb Code    18  stm32f4xx_tim.o(.text)
    TIM_GenerateEvent                        0x08001f3f   Thumb Code     4  stm32f4xx_tim.o(.text)
    TIM_GetFlagStatus                        0x08001f43   Thumb Code    18  stm32f4xx_tim.o(.text)
    TIM_ClearFlag                            0x08001f55   Thumb Code     6  stm32f4xx_tim.o(.text)
    TIM_GetITStatus                          0x08001f5b   Thumb Code    34  stm32f4xx_tim.o(.text)
    TIM_ClearITPendingBit                    0x08001f7d   Thumb Code     6  stm32f4xx_tim.o(.text)
    TIM_DMAConfig                            0x08001f83   Thumb Code    10  stm32f4xx_tim.o(.text)
    TIM_DMACmd                               0x08001f8d   Thumb Code    18  stm32f4xx_tim.o(.text)
    TIM_SelectCCDMA                          0x08001f9f   Thumb Code    24  stm32f4xx_tim.o(.text)
    TIM_InternalClockConfig                  0x08001fb7   Thumb Code    12  stm32f4xx_tim.o(.text)
    TIM_SelectInputTrigger                   0x08001fc3   Thumb Code    18  stm32f4xx_tim.o(.text)
    TIM_ITRxExternalClockConfig              0x08001fd5   Thumb Code    24  stm32f4xx_tim.o(.text)
    TIM_TIxExternalClockConfig               0x08001fed   Thumb Code    62  stm32f4xx_tim.o(.text)
    TIM_ETRConfig                            0x0800202b   Thumb Code    28  stm32f4xx_tim.o(.text)
    TIM_ETRClockMode1Config                  0x08002047   Thumb Code    54  stm32f4xx_tim.o(.text)
    TIM_ETRClockMode2Config                  0x0800207d   Thumb Code    32  stm32f4xx_tim.o(.text)
    TIM_SelectOutputTrigger                  0x0800209d   Thumb Code    18  stm32f4xx_tim.o(.text)
    TIM_SelectSlaveMode                      0x080020af   Thumb Code    18  stm32f4xx_tim.o(.text)
    TIM_SelectMasterSlaveMode                0x080020c1   Thumb Code    18  stm32f4xx_tim.o(.text)
    TIM_EncoderInterfaceConfig               0x080020d3   Thumb Code    66  stm32f4xx_tim.o(.text)
    TIM_SelectHallSensor                     0x08002115   Thumb Code    24  stm32f4xx_tim.o(.text)
    TIM_RemapConfig                          0x0800212d   Thumb Code     6  stm32f4xx_tim.o(.text)
    USART_DeInit                             0x08002135   Thumb Code   156  stm32f4xx_usart.o(.text)
    USART_Init                               0x080021d1   Thumb Code   204  stm32f4xx_usart.o(.text)
    USART_StructInit                         0x0800229d   Thumb Code    24  stm32f4xx_usart.o(.text)
    USART_ClockInit                          0x080022b5   Thumb Code    32  stm32f4xx_usart.o(.text)
    USART_ClockStructInit                    0x080022d5   Thumb Code    12  stm32f4xx_usart.o(.text)
    USART_Cmd                                0x080022e1   Thumb Code    24  stm32f4xx_usart.o(.text)
    USART_SetPrescaler                       0x080022f9   Thumb Code    16  stm32f4xx_usart.o(.text)
    USART_OverSampling8Cmd                   0x08002309   Thumb Code    22  stm32f4xx_usart.o(.text)
    USART_OneBitMethodCmd                    0x0800231f   Thumb Code    24  stm32f4xx_usart.o(.text)
    USART_SendData                           0x08002337   Thumb Code     8  stm32f4xx_usart.o(.text)
    USART_ReceiveData                        0x0800233f   Thumb Code    10  stm32f4xx_usart.o(.text)
    USART_SetAddress                         0x08002349   Thumb Code    18  stm32f4xx_usart.o(.text)
    USART_ReceiverWakeUpCmd                  0x0800235b   Thumb Code    24  stm32f4xx_usart.o(.text)
    USART_WakeUpConfig                       0x08002373   Thumb Code    18  stm32f4xx_usart.o(.text)
    USART_LINBreakDetectLengthConfig         0x08002385   Thumb Code    18  stm32f4xx_usart.o(.text)
    USART_LINCmd                             0x08002397   Thumb Code    24  stm32f4xx_usart.o(.text)
    USART_SendBreak                          0x080023af   Thumb Code    10  stm32f4xx_usart.o(.text)
    USART_HalfDuplexCmd                      0x080023b9   Thumb Code    24  stm32f4xx_usart.o(.text)
    USART_SetGuardTime                       0x080023d1   Thumb Code    16  stm32f4xx_usart.o(.text)
    USART_SmartCardCmd                       0x080023e1   Thumb Code    24  stm32f4xx_usart.o(.text)
    USART_SmartCardNACKCmd                   0x080023f9   Thumb Code    24  stm32f4xx_usart.o(.text)
    USART_IrDAConfig                         0x08002411   Thumb Code    18  stm32f4xx_usart.o(.text)
    USART_IrDACmd                            0x08002423   Thumb Code    24  stm32f4xx_usart.o(.text)
    USART_DMACmd                             0x0800243b   Thumb Code    18  stm32f4xx_usart.o(.text)
    USART_ITConfig                           0x0800244d   Thumb Code    74  stm32f4xx_usart.o(.text)
    USART_GetFlagStatus                      0x08002497   Thumb Code    26  stm32f4xx_usart.o(.text)
    USART_ClearFlag                          0x080024b1   Thumb Code    18  stm32f4xx_usart.o(.text)
    USART_GetITStatus                        0x080024c3   Thumb Code   110  stm32f4xx_usart.o(.text)
    USART_ClearITPendingBit                  0x08002531   Thumb Code    30  stm32f4xx_usart.o(.text)
    SystemInit                               0x0800262d   Thumb Code    88  system_stm32f4xx.o(.text)
    SystemCoreClockUpdate                    0x08002685   Thumb Code   174  system_stm32f4xx.o(.text)
    Android_Serialport_get_value             0x08002761   Thumb Code     2  android.o(.text)
    acc_gyro                                 0x08002763   Thumb Code   400  android.o(.text)
    Android_Serialport_Config                0x080028f3   Thumb Code   398  android.o(.text)
    DMA1_Stream3_IRQHandler                  0x08002a81   Thumb Code    32  android.o(.text)
    USART3_IRQHandler                        0x08002aa1   Thumb Code    86  android.o(.text)
    SendToAndroid                            0x08002af7   Thumb Code   162  android.o(.text)
    SysTick_Configuration                    0x08002b99   Thumb Code    98  board.o(.text)
    GetSysTime_us                            0x08002bfb   Thumb Code    48  board.o(.text)
    DelayUs                                  0x08002c2b   Thumb Code    24  board.o(.text)
    DelayMs                                  0x08002c43   Thumb Code    24  board.o(.text)
    FlightController_board_Init              0x08002c5b   Thumb Code   128  board.o(.text)
    RC_Check                                 0x08002cf5   Thumb Code   130  dbus.o(.text)
    Dbus_Configuration                       0x08002d77   Thumb Code   256  dbus.o(.text)
    dbus_get_value                           0x08002e77   Thumb Code   338  dbus.o(.text)
    DMA1_Stream5_IRQHandler                  0x08002fc9   Thumb Code    42  dbus.o(.text)
    LPF2pSetCutoffFreq_1                     0x08003025   Thumb Code   236  filter.o(.text)
    LPF2pApply_1                             0x08003111   Thumb Code   186  filter.o(.text)
    LPF2pSetCutoffFreq_2                     0x080031cb   Thumb Code   236  filter.o(.text)
    LPF2pApply_2                             0x080032b7   Thumb Code   186  filter.o(.text)
    LPF2pSetCutoffFreq_3                     0x08003371   Thumb Code   330  filter.o(.text)
    LPF2pApply_3                             0x080034bb   Thumb Code   186  filter.o(.text)
    LPF2pSetCutoffFreq_4                     0x08003575   Thumb Code   236  filter.o(.text)
    LPF2pApply_4                             0x08003661   Thumb Code   186  filter.o(.text)
    LPF2pSetCutoffFreq_5                     0x0800371b   Thumb Code   236  filter.o(.text)
    LPF2pApply_5                             0x08003807   Thumb Code   286  filter.o(.text)
    LPF2pSetCutoffFreq_6                     0x08003925   Thumb Code   236  filter.o(.text)
    LPF2pApply_6                             0x08003a11   Thumb Code   186  filter.o(.text)
    LPF2pSetCutoffFreq_7                     0x08003acb   Thumb Code   236  filter.o(.text)
    LPF2pApply_7                             0x08003bb7   Thumb Code   186  filter.o(.text)
    LPF2pSetCutoffFreq_8                     0x08003c71   Thumb Code   336  filter.o(.text)
    LPF2pApply_8                             0x08003dc1   Thumb Code   186  filter.o(.text)
    KalmanFilter_d                           0x08003e7b   Thumb Code   240  filter.o(.text)
    ClearFlash                               0x08003fbd   Thumb Code    40  flash.o(.text)
    ClearDataFlash                           0x08003fe5   Thumb Code    10  flash.o(.text)
    GetActPage                               0x08003fef   Thumb Code    32  flash.o(.text)
    WriteFloat                               0x0800400f   Thumb Code    54  flash.o(.text)
    WriteInt                                 0x08004045   Thumb Code    40  flash.o(.text)
    ReadFloat                                0x0800406d   Thumb Code    14  flash.o(.text)
    ReadInt                                  0x0800407b   Thumb Code     8  flash.o(.text)
    FindStr                                  0x08004089   Thumb Code    78  gps.o(.text)
    GPSParse                                 0x080040d7   Thumb Code   160  gps.o(.text)
    LatToRad                                 0x08004177   Thumb Code   360  gps.o(.text)
    LonToRad                                 0x080042df   Thumb Code   342  gps.o(.text)
    GetSpeed                                 0x08004435   Thumb Code   358  gps.o(.text)
    GetAzimuth                               0x0800459b   Thumb Code   266  gps.o(.text)
    GPS_Read                                 0x080046a5   Thumb Code   474  gps.o(.text)
    Push_Pos_Dis                             0x0800487f   Thumb Code    70  gps.o(.text)
    Update_GPS_states                        0x080048c5   Thumb Code  1586  gps.o(.text)
    Cal_Distance_to_Leader                   0x08004ef7   Thumb Code   330  gps.o(.text)
    Update_Leader_State                      0x08005041   Thumb Code  2232  gps.o(.text)
    GPSlevel_Velocity_Control                0x080058f9   Thumb Code  1150  gps.o(.text)
    GPSlevel_Position_Control                0x08005d77   Thumb Code  1272  gps.o(.text)
    Hcsr04_Init                              0x08006295   Thumb Code   148  hcsr04.o(.text)
    EXTI4_IRQHandler                         0x08006329   Thumb Code   142  hcsr04.o(.text)
    Hcsr04_Filter                            0x080063b7   Thumb Code    72  hcsr04.o(.text)
    Led_Init                                 0x08006425   Thumb Code    44  led.o(.text)
    Led_Flash                                0x08006451   Thumb Code     2  led.o(.text)
    Led_Task                                 0x08006453   Thumb Code     2  led.o(.text)
    MS5611_Reset                             0x08006459   Thumb Code    14  ms5611.o(.text)
    MS5611_Read_Prom                         0x08006467   Thumb Code    72  ms5611.o(.text)
    MS5611_Start_T                           0x080064af   Thumb Code    14  ms5611.o(.text)
    MS5611_Init                              0x080064bd   Thumb Code    28  ms5611.o(.text)
    MS5611_Read_Adc_T                        0x080064d9   Thumb Code    16  ms5611.o(.text)
    MS5611_Read_Adc_P                        0x080064e9   Thumb Code    16  ms5611.o(.text)
    MS5611_Start_P                           0x080064f9   Thumb Code    14  ms5611.o(.text)
    MS5611_BaroAltCalculate                  0x08006507   Thumb Code   470  ms5611.o(.text)
    MS5611_Update                            0x080066dd   Thumb Code    50  ms5611.o(.text)
    MS5611_Get_BaroAlt                       0x0800670f   Thumb Code     6  ms5611.o(.text)
    MS5611_CalOffset                         0x08006715   Thumb Code   138  ms5611.o(.text)
    fast_atan2                               0x080067e5   Thumb Code   368  mymath.o(.text)
    my_atan                                  0x08006955   Thumb Code    24  mymath.o(.text)
    my_pow                                   0x0800696d   Thumb Code    10  mymath.o(.text)
    my_sqrt                                  0x08006977   Thumb Code    88  mymath.o(.text)
    mx_sin                                   0x080069cf   Thumb Code   292  mymath.o(.text)
    my_sin                                   0x08006af3   Thumb Code   108  mymath.o(.text)
    my_cos                                   0x08006b5f   Thumb Code   234  mymath.o(.text)
    my_deathzoom                             0x08006c49   Thumb Code    62  mymath.o(.text)
    To_180_degrees                           0x08006c87   Thumb Code    58  mymath.o(.text)
    Get_parameter                            0x08006ccd   Thumb Code   266  parameter.o(.text)
    Param_Save                               0x08006dd7   Thumb Code   194  parameter.o(.text)
    Param_Read                               0x08006e99   Thumb Code   142  parameter.o(.text)
    TIM3_PWM_Init                            0x08006f75   Thumb Code   294  pwm_out.o(.text)
    AndroidRPM                               0x0800709b   Thumb Code   114  pwm_out.o(.text)
    Motor_Speed_Update                       0x0800710d   Thumb Code  1672  pwm_out.o(.text)
    Loop_1000Hz                              0x080077b9   Thumb Code     2  schedule.o(.text)
    Rad2Deg                                  0x080077bb   Thumb Code     2  schedule.o(.text)
    Loop_500Hz                               0x080077bd   Thumb Code    22  schedule.o(.text)
    Loop_200Hz                               0x080077d3   Thumb Code     2  schedule.o(.text)
    Loop_100Hz                               0x080077d5   Thumb Code    34  schedule.o(.text)
    Loop_50Hz                                0x080077f7   Thumb Code     2  schedule.o(.text)
    Loop_20Hz                                0x080077f9   Thumb Code    54  schedule.o(.text)
    Loop_5Hz                                 0x0800782f   Thumb Code     2  schedule.o(.text)
    Loop                                     0x08007831   Thumb Code   142  schedule.o(.text)
    I2C_Soft_Init                            0x080078d5   Thumb Code    46  softiic.o(.text)
    I2C_Soft_Delay                           0x08007903   Thumb Code    42  softiic.o(.text)
    I2C_Soft_Start                           0x0800792d   Thumb Code    86  softiic.o(.text)
    I2C_Soft_Stop                            0x08007983   Thumb Code    52  softiic.o(.text)
    I2C_Soft_Ack                             0x080079b7   Thumb Code    52  softiic.o(.text)
    I2C_Soft_NoAck                           0x080079eb   Thumb Code    52  softiic.o(.text)
    I2C_Soft_WaitAck                         0x08007a1f   Thumb Code    82  softiic.o(.text)
    I2C_Soft_SendByte                        0x08007a71   Thumb Code    84  softiic.o(.text)
    I2C_Soft_ReadByte                        0x08007ac5   Thumb Code    82  softiic.o(.text)
    I2C_Soft_Single_Write                    0x08007b17   Thumb Code    66  softiic.o(.text)
    I2C_Soft_Single_Read                     0x08007b59   Thumb Code    80  softiic.o(.text)
    I2C_Soft_Mult_Read                       0x08007ba9   Thumb Code   122  softiic.o(.text)
    Get_Cycle_T                              0x08007c2d   Thumb Code   118  time.o(.text)
    Cycle_Time_Init                          0x08007ca3   Thumb Code    22  time.o(.text)
    Uart5_SendChar                           0x08007cc1   Thumb Code    28  uart5.o(.text)
    Uart5_Config                             0x08007cdd   Thumb Code   644  uart5.o(.text)
    UART5_IRQHandler                         0x08007f61   Thumb Code    74  uart5.o(.text)
    main                                     0x08007fc9   Thumb Code    22  main.o(.text)
    NMI_Handler                              0x08007fe5   Thumb Code     2  stm32f4xx_it.o(.text)
    HardFault_Handler                        0x08007fe7   Thumb Code     4  stm32f4xx_it.o(.text)
    MemManage_Handler                        0x08007feb   Thumb Code     4  stm32f4xx_it.o(.text)
    BusFault_Handler                         0x08007fef   Thumb Code     4  stm32f4xx_it.o(.text)
    UsageFault_Handler                       0x08007ff3   Thumb Code     4  stm32f4xx_it.o(.text)
    SVC_Handler                              0x08007ff7   Thumb Code     2  stm32f4xx_it.o(.text)
    DebugMon_Handler                         0x08007ff9   Thumb Code     2  stm32f4xx_it.o(.text)
    PendSV_Handler                           0x08007ffb   Thumb Code     2  stm32f4xx_it.o(.text)
    SysTick_Handler                          0x08007ffd   Thumb Code    92  stm32f4xx_it.o(.text)
    __aeabi_dadd                             0x08008069   Thumb Code   322  dadd.o(.text)
    __aeabi_dsub                             0x080081ab   Thumb Code     6  dadd.o(.text)
    __aeabi_drsub                            0x080081b1   Thumb Code     6  dadd.o(.text)
    __aeabi_dmul                             0x080081b7   Thumb Code   228  dmul.o(.text)
    __aeabi_ddiv                             0x0800829b   Thumb Code   222  ddiv.o(.text)
    __aeabi_i2d                              0x08008379   Thumb Code    34  dflti.o(.text)
    __aeabi_ui2d                             0x0800839b   Thumb Code    26  dfltui.o(.text)
    __aeabi_d2iz                             0x080083b5   Thumb Code    62  dfixi.o(.text)
    __aeabi_f2d                              0x080083f3   Thumb Code    38  f2d.o(.text)
    __aeabi_cdcmpeq                          0x08008419   Thumb Code     0  cdcmple.o(.text)
    __aeabi_cdcmple                          0x08008419   Thumb Code    48  cdcmple.o(.text)
    __aeabi_cdrcmple                         0x08008449   Thumb Code    48  cdrcmple.o(.text)
    __aeabi_d2f                              0x08008479   Thumb Code    56  d2f.o(.text)
    __aeabi_llsl                             0x080084b1   Thumb Code    30  llshl.o(.text)
    _ll_shift_l                              0x080084b1   Thumb Code     0  llshl.o(.text)
    __aeabi_llsr                             0x080084cf   Thumb Code    32  llushr.o(.text)
    _ll_ushift_r                             0x080084cf   Thumb Code     0  llushr.o(.text)
    __aeabi_lasr                             0x080084ef   Thumb Code    36  llsshr.o(.text)
    _ll_sshift_r                             0x080084ef   Thumb Code     0  llsshr.o(.text)
    __I$use$fp                               0x08008513   Thumb Code     0  iusefp.o(.text)
    _float_round                             0x08008513   Thumb Code    18  fepilogue.o(.text)
    _float_epilogue                          0x08008525   Thumb Code    92  fepilogue.o(.text)
    _double_round                            0x08008581   Thumb Code    30  depilogue.o(.text)
    _double_epilogue                         0x0800859f   Thumb Code   156  depilogue.o(.text)
    __ARM_scalbn                             0x0800863b   Thumb Code    46  dscalb.o(.text)
    scalbn                                   0x0800863b   Thumb Code     0  dscalb.o(.text)
    __scatterload                            0x08008669   Thumb Code    28  init.o(.text)
    __scatterload_rt2                        0x08008669   Thumb Code     0  init.o(.text)
    _dsqrt                                   0x0800868d   Thumb Code   162  dsqrt.o(.text)
    __decompress                             0x0800872f   Thumb Code     0  __dczerorl2.o(.text)
    __decompress1                            0x0800872f   Thumb Code    86  __dczerorl2.o(.text)
    __ARM_fpclassify                         0x08008785   Thumb Code    48  fpclassify.o(i.__ARM_fpclassify)
    __ARM_fpclassifyf                        0x080087b5   Thumb Code    38  fpclassifyf.o(i.__ARM_fpclassifyf)
    __hardfp_cos                             0x080087e1   Thumb Code   180  cos.o(i.__hardfp_cos)
    __hardfp_cosf                            0x080088a9   Thumb Code   280  cosf.o(i.__hardfp_cosf)
    __hardfp_pow                             0x080089f9   Thumb Code  3072  pow.o(i.__hardfp_pow)
    __hardfp_sin                             0x08009649   Thumb Code   180  sin.o(i.__hardfp_sin)
    __hardfp_tanf                            0x08009711   Thumb Code   322  tanf.o(i.__hardfp_tanf)
    __ieee754_rem_pio2                       0x08009891   Thumb Code   938  rred.o(i.__ieee754_rem_pio2)
    __kernel_cos                             0x08009cc9   Thumb Code   322  cos_i.o(i.__kernel_cos)
    __kernel_poly                            0x08009e39   Thumb Code   248  poly.o(i.__kernel_poly)
    __kernel_sin                             0x08009f31   Thumb Code   280  sin_i.o(i.__kernel_sin)
    __mathlib_dbl_divzero                    0x0800a061   Thumb Code    28  dunder.o(i.__mathlib_dbl_divzero)
    __mathlib_dbl_infnan                     0x0800a091   Thumb Code    20  dunder.o(i.__mathlib_dbl_infnan)
    __mathlib_dbl_infnan2                    0x0800a0a5   Thumb Code    20  dunder.o(i.__mathlib_dbl_infnan2)
    __mathlib_dbl_invalid                    0x0800a0b9   Thumb Code    24  dunder.o(i.__mathlib_dbl_invalid)
    __mathlib_dbl_overflow                   0x0800a0d9   Thumb Code    24  dunder.o(i.__mathlib_dbl_overflow)
    __mathlib_dbl_underflow                  0x0800a0f9   Thumb Code    24  dunder.o(i.__mathlib_dbl_underflow)
    __mathlib_flt_infnan                     0x0800a119   Thumb Code     6  funder.o(i.__mathlib_flt_infnan)
    __mathlib_flt_invalid                    0x0800a121   Thumb Code    10  funder.o(i.__mathlib_flt_invalid)
    __mathlib_flt_underflow                  0x0800a131   Thumb Code    10  funder.o(i.__mathlib_flt_underflow)
    __mathlib_rredf2                         0x0800a141   Thumb Code   316  rredf.o(i.__mathlib_rredf2)
    __scatterload_copy                       0x0800a295   Thumb Code    14  handlers.o(i.__scatterload_copy)
    __scatterload_null                       0x0800a2a3   Thumb Code     2  handlers.o(i.__scatterload_null)
    __scatterload_zeroinit                   0x0800a2a5   Thumb Code    14  handlers.o(i.__scatterload_zeroinit)
    __set_errno                              0x0800a2b5   Thumb Code     6  errno.o(i.__set_errno)
    fabs                                     0x0800a2c1   Thumb Code    24  fabs.o(i.fabs)
    sqrt                                     0x0800a2d9   Thumb Code   110  sqrt.o(i.sqrt)
    __mathlib_zero                           0x0800a400   Data           8  qnan.o(.constdata)
    Region$$Table$$Base                      0x0800a518   Number         0  anon$$obj.o(Region$$Table)
    Region$$Table$$Limit                     0x0800a538   Number         0  anon$$obj.o(Region$$Table)
    SystemCoreClock                          0x20000010   Data           4  system_stm32f4xx.o(.data)
    AHBPrescTable                            0x20000014   Data          16  system_stm32f4xx.o(.data)
    cnter                                    0x20000024   Data           4  android.o(.data)
    bf                                       0x20000028   Data           2  android.o(.data)
    sysTickUptime                            0x2000002c   Data           4  board.o(.data)
    q0                                       0x20000148   Data           4  imu.o(.data)
    q1                                       0x2000014c   Data           4  imu.o(.data)
    q2                                       0x20000150   Data           4  imu.o(.data)
    q3                                       0x20000154   Data           4  imu.o(.data)
    exInt                                    0x20000158   Data           4  imu.o(.data)
    eyInt                                    0x2000015c   Data           4  imu.o(.data)
    ezInt                                    0x20000160   Data           4  imu.o(.data)
    ux                                       0x20000164   Data           4  imu.o(.data)
    uy                                       0x20000168   Data           4  imu.o(.data)
    uz                                       0x2000016c   Data           4  imu.o(.data)
    wx                                       0x20000170   Data           4  imu.o(.data)
    wy                                       0x20000174   Data           4  imu.o(.data)
    wz                                       0x20000178   Data           4  imu.o(.data)
    vx                                       0x2000017c   Data           4  imu.o(.data)
    vy                                       0x20000180   Data           4  imu.o(.data)
    vz                                       0x20000184   Data           4  imu.o(.data)
    t_rxbuf                                  0x20000188   Data           3  ms5611.o(.data)
    p_rxbuf                                  0x2000018b   Data           3  ms5611.o(.data)
    fast_atan_table                          0x20000194   Data        1028  mymath.o(.data)
    aircraft                                 0x20000598   Data           4  pwm_out.o(.data)
    cnt                                      0x2000059c   Data           4  pwm_out.o(.data)
    loop_5hz                                 0x200005a0   Data           8  schedule.o(.data)
    I2C_FastMode                             0x200005a9   Data           1  softiic.o(.data)
    gps_loop_time                            0x200005ac   Data           4  uart5.o(.data)
    RADIO_TX_DATA                            0x200005b4   Data          32  24l01.o(.bss)
    RADIO_RX_DATA                            0x200005d4   Data          32  24l01.o(.bss)
    RC                                       0x200005f4   Data          52  android.o(.bss)
    phone                                    0x20000628   Data          48  android.o(.bss)
    tx_buffer                                0x20000658   Data           9  android.o(.bss)
    rx_buffer                                0x20000661   Data           9  android.o(.bss)
    ctrl                                     0x2000066c   Data         296  control.o(.bss)
    thr                                      0x20000794   Data          16  control.o(.bss)
    subus_decode_keboard_buffer              0x200007a4   Data          32  dbus.o(.bss)
    sbus_rx_buffer                           0x200007c4   Data          25  dbus.o(.bss)
    sbus_decode_buffer                       0x200007de   Data          30  dbus.o(.bss)
    gpslevelcon                              0x20000800   Data         200  gps.o(.bss)
    gps                                      0x200008c8   Data         160  gps.o(.bss)
    GpsInfo                                  0x20000968   Data          62  gps.o(.bss)
    xy_ef                                    0x200009a8   Data         144  gps.o(.bss)
    gps_rx_buffer                            0x20000a38   Data        2048  gps.o(.bss)
    posx_dis_cm_buff                         0x20001238   Data         240  gps.o(.bss)
    posy_dis_cm_buff                         0x20001328   Data         240  gps.o(.bss)
    hcsr04                                   0x20001418   Data          16  hcsr04.o(.bss)
    hgt_ctrl                                 0x20001428   Data         156  height_control.o(.bss)
    mag                                      0x200014c4   Data          80  hmc5883.o(.bss)
    angle                                    0x20001514   Data          12  imu.o(.bss)
    sensor                                   0x20001520   Data         184  mpu6050.o(.bss)
    mpu6050_buffer                           0x200015d8   Data          12  mpu6050.o(.bss)
    ms5611                                   0x2000165c   Data          40  ms5611.o(.bss)
    ms5611_prom                              0x20001684   Data          16  ms5611.o(.bss)
    parameter                                0x20001694   Data          72  parameter.o(.bss)
    speed                                    0x200016dc   Data          16  pwm_out.o(.bss)
    schedule                                 0x200016ec   Data          12  schedule.o(.bss)
    Cycle_T                                  0x200016f8   Data         120  time.o(.bss)
    __initial_sp                             0x20001b70   Data           0  startup_stm32f4xx.o(STACK)



==============================================================================

Memory Map of the image

  Image Entry point : 0x08000189

  Load Region LR_IROM1 (Base: 0x08000000, Size: 0x0000aaec, Max: 0x00040000, ABSOLUTE, COMPRESSED[0x0000a960])

    Execution Region ER_IROM1 (Base: 0x08000000, Size: 0x0000a538, Max: 0x00040000, ABSOLUTE)

    Base Addr    Size         Type   Attr      Idx    E Section Name        Object

    0x08000000   0x00000188   Data   RO           88    RESET               startup_stm32f4xx.o
    0x08000188   0x00000000   Code   RO         1871  * .ARM.Collect$$$$00000000  mc_w.l(entry.o)
    0x08000188   0x00000004   Code   RO         1966    .ARM.Collect$$$$00000001  mc_w.l(entry2.o)
    0x0800018c   0x00000004   Code   RO         1969    .ARM.Collect$$$$00000004  mc_w.l(entry5.o)
    0x08000190   0x00000000   Code   RO         1971    .ARM.Collect$$$$00000008  mc_w.l(entry7b.o)
    0x08000190   0x00000000   Code   RO         1973    .ARM.Collect$$$$0000000A  mc_w.l(entry8b.o)
    0x08000190   0x00000008   Code   RO         1974    .ARM.Collect$$$$0000000B  mc_w.l(entry9a.o)
    0x08000198   0x00000000   Code   RO         1976    .ARM.Collect$$$$0000000D  mc_w.l(entry10a.o)
    0x08000198   0x00000000   Code   RO         1978    .ARM.Collect$$$$0000000F  mc_w.l(entry11a.o)
    0x08000198   0x00000004   Code   RO         1967    .ARM.Collect$$$$00002712  mc_w.l(entry2.o)
    0x0800019c   0x000000e0   Code   RO            3    .text               misc.o
    0x0800027c   0x00000024   Code   RO           89    .text               startup_stm32f4xx.o
    0x080002a0   0x000003a8   Code   RO          319    .text               stm32f4xx_dma.o
    0x08000648   0x0000011c   Code   RO          342    .text               stm32f4xx_exti.o
    0x08000764   0x000004bc   Code   RO          365    .text               stm32f4xx_flash.o
    0x08000c20   0x0000025c   Code   RO          411    .text               stm32f4xx_gpio.o
    0x08000e7c   0x00000588   Code   RO          566    .text               stm32f4xx_rcc.o
    0x08001404   0x0000008c   Code   RO          683    .text               stm32f4xx_syscfg.o
    0x08001490   0x00000ca2   Code   RO          706    .text               stm32f4xx_tim.o
    0x08002132   0x00000002   PAD
    0x08002134   0x0000041a   Code   RO          729    .text               stm32f4xx_usart.o
    0x0800254e   0x00000002   PAD
    0x08002550   0x00000210   Code   RO          775    .text               system_stm32f4xx.o
    0x08002760   0x00000438   Code   RO          957    .text               android.o
    0x08002b98   0x0000015c   Code   RO          991    .text               board.o
    0x08002cf4   0x00000330   Code   RO         1087    .text               dbus.o
    0x08003024   0x00000f98   Code   RO         1110    .text               filter.o
    0x08003fbc   0x000000cc   Code   RO         1136    .text               flash.o
    0x08004088   0x0000220c   Code   RO         1156    .text               gps.o
    0x08006294   0x00000190   Code   RO         1184    .text               hcsr04.o
    0x08006424   0x00000034   Code   RO         1321    .text               led.o
    0x08006458   0x0000038c   Code   RO         1367    .text               ms5611.o
    0x080067e4   0x000004e8   Code   RO         1394    .text               mymath.o
    0x08006ccc   0x000002a8   Code   RO         1417    .text               parameter.o
    0x08006f74   0x00000844   Code   RO         1469    .text               pwm_out.o
    0x080077b8   0x0000011c   Code   RO         1497    .text               schedule.o
    0x080078d4   0x00000358   Code   RO         1524    .text               softiic.o
    0x08007c2c   0x00000094   Code   RO         1570    .text               time.o
    0x08007cc0   0x00000308   Code   RO         1593    .text               uart5.o
    0x08007fc8   0x0000001c   Code   RO         1652    .text               main.o
    0x08007fe4   0x00000084   Code   RO         1774    .text               stm32f4xx_it.o
    0x08008068   0x0000014e   Code   RO         1876    .text               mf_w.l(dadd.o)
    0x080081b6   0x000000e4   Code   RO         1878    .text               mf_w.l(dmul.o)
    0x0800829a   0x000000de   Code   RO         1880    .text               mf_w.l(ddiv.o)
    0x08008378   0x00000022   Code   RO         1882    .text               mf_w.l(dflti.o)
    0x0800839a   0x0000001a   Code   RO         1884    .text               mf_w.l(dfltui.o)
    0x080083b4   0x0000003e   Code   RO         1886    .text               mf_w.l(dfixi.o)
    0x080083f2   0x00000026   Code   RO         1888    .text               mf_w.l(f2d.o)
    0x08008418   0x00000030   Code   RO         1890    .text               mf_w.l(cdcmple.o)
    0x08008448   0x00000030   Code   RO         1892    .text               mf_w.l(cdrcmple.o)
    0x08008478   0x00000038   Code   RO         1894    .text               mf_w.l(d2f.o)
    0x080084b0   0x0000001e   Code   RO         1980    .text               mc_w.l(llshl.o)
    0x080084ce   0x00000020   Code   RO         1982    .text               mc_w.l(llushr.o)
    0x080084ee   0x00000024   Code   RO         1984    .text               mc_w.l(llsshr.o)
    0x08008512   0x00000000   Code   RO         1993    .text               mc_w.l(iusefp.o)
    0x08008512   0x0000006e   Code   RO         1994    .text               mf_w.l(fepilogue.o)
    0x08008580   0x000000ba   Code   RO         1996    .text               mf_w.l(depilogue.o)
    0x0800863a   0x0000002e   Code   RO         2000    .text               mf_w.l(dscalb.o)
    0x08008668   0x00000024   Code   RO         2002    .text               mc_w.l(init.o)
    0x0800868c   0x000000a2   Code   RO         2004    .text               mf_w.l(dsqrt.o)
    0x0800872e   0x00000056   Code   RO         2014    .text               mc_w.l(__dczerorl2.o)
    0x08008784   0x00000030   Code   RO         1919    i.__ARM_fpclassify  m_wm.l(fpclassify.o)
    0x080087b4   0x00000026   Code   RO         1921    i.__ARM_fpclassifyf  m_wm.l(fpclassifyf.o)
    0x080087da   0x00000006   PAD
    0x080087e0   0x000000c8   Code   RO         1809    i.__hardfp_cos      m_wm.l(cos.o)
    0x080088a8   0x00000150   Code   RO         1821    i.__hardfp_cosf     m_wm.l(cosf.o)
    0x080089f8   0x00000c50   Code   RO         1833    i.__hardfp_pow      m_wm.l(pow.o)
    0x08009648   0x000000c8   Code   RO         1847    i.__hardfp_sin      m_wm.l(sin.o)
    0x08009710   0x0000017c   Code   RO         1859    i.__hardfp_tanf     m_wm.l(tanf.o)
    0x0800988c   0x00000004   PAD
    0x08009890   0x00000438   Code   RO         1940    i.__ieee754_rem_pio2  m_wm.l(rred.o)
    0x08009cc8   0x00000170   Code   RO         1896    i.__kernel_cos      m_wm.l(cos_i.o)
    0x08009e38   0x000000f8   Code   RO         1937    i.__kernel_poly     m_wm.l(poly.o)
    0x08009f30   0x00000130   Code   RO         1948    i.__kernel_sin      m_wm.l(sin_i.o)
    0x0800a060   0x00000030   Code   RO         1899    i.__mathlib_dbl_divzero  m_wm.l(dunder.o)
    0x0800a090   0x00000014   Code   RO         1900    i.__mathlib_dbl_infnan  m_wm.l(dunder.o)
    0x0800a0a4   0x00000014   Code   RO         1901    i.__mathlib_dbl_infnan2  m_wm.l(dunder.o)
    0x0800a0b8   0x00000020   Code   RO         1902    i.__mathlib_dbl_invalid  m_wm.l(dunder.o)
    0x0800a0d8   0x00000020   Code   RO         1903    i.__mathlib_dbl_overflow  m_wm.l(dunder.o)
    0x0800a0f8   0x00000020   Code   RO         1905    i.__mathlib_dbl_underflow  m_wm.l(dunder.o)
    0x0800a118   0x00000006   Code   RO         1924    i.__mathlib_flt_infnan  m_wm.l(funder.o)
    0x0800a11e   0x00000002   PAD
    0x0800a120   0x00000010   Code   RO         1926    i.__mathlib_flt_invalid  m_wm.l(funder.o)
    0x0800a130   0x00000010   Code   RO         1929    i.__mathlib_flt_underflow  m_wm.l(funder.o)
    0x0800a140   0x00000154   Code   RO         1945    i.__mathlib_rredf2  m_wm.l(rredf.o)
    0x0800a294   0x0000000e   Code   RO         2008    i.__scatterload_copy  mc_w.l(handlers.o)
    0x0800a2a2   0x00000002   Code   RO         2009    i.__scatterload_null  mc_w.l(handlers.o)
    0x0800a2a4   0x0000000e   Code   RO         2010    i.__scatterload_zeroinit  mc_w.l(handlers.o)
    0x0800a2b2   0x00000002   PAD
    0x0800a2b4   0x0000000c   Code   RO         1988    i.__set_errno       mc_w.l(errno.o)
    0x0800a2c0   0x00000018   Code   RO         1915    i.fabs              m_wm.l(fabs.o)
    0x0800a2d8   0x0000006e   Code   RO         1956    i.sqrt              m_wm.l(sqrt.o)
    0x0800a346   0x00000002   PAD
    0x0800a348   0x00000088   Data   RO         1836    .constdata          m_wm.l(pow.o)
    0x0800a3d0   0x00000030   Data   RO         1897    .constdata          m_wm.l(cos_i.o)
    0x0800a400   0x00000008   Data   RO         1939    .constdata          m_wm.l(qnan.o)
    0x0800a408   0x000000c8   Data   RO         1942    .constdata          m_wm.l(rred.o)
    0x0800a4d0   0x00000020   Data   RO         1946    .constdata          m_wm.l(rredf.o)
    0x0800a4f0   0x00000028   Data   RO         1949    .constdata          m_wm.l(sin_i.o)
    0x0800a518   0x00000020   Data   RO         2006    Region$$Table       anon$$obj.o


    Execution Region RW_IRAM1 (Base: 0x20000000, Size: 0x00001b70, Max: 0x00010000, ABSOLUTE, COMPRESSED[0x00000428])

    Base Addr    Size         Type   Attr      Idx    E Section Name        Object

    0x20000000   0x00000010   Data   RW          567    .data               stm32f4xx_rcc.o
    0x20000010   0x00000014   Data   RW          776    .data               system_stm32f4xx.o
    0x20000024   0x00000006   Data   RW          959    .data               android.o
    0x2000002a   0x00000002   PAD
    0x2000002c   0x00000004   Data   RW          992    .data               board.o
    0x20000030   0x00000110   Data   RW         1111    .data               filter.o
    0x20000140   0x00000008   Data   RW         1158    .data               gps.o
    0x20000148   0x00000040   Data   RW         1265    .data               imu.o
    0x20000188   0x0000000c   Data   RW         1369    .data               ms5611.o
    0x20000194   0x00000404   Data   RW         1395    .data               mymath.o
    0x20000598   0x00000008   Data   RW         1471    .data               pwm_out.o
    0x200005a0   0x00000009   Data   RW         1499    .data               schedule.o
    0x200005a9   0x00000001   Data   RW         1525    .data               softiic.o
    0x200005aa   0x00000002   PAD
    0x200005ac   0x00000004   Data   RW         1594    .data               uart5.o
    0x200005b0   0x00000004   Data   RW         1989    .data               mc_w.l(errno.o)
    0x200005b4   0x00000040   Zero   RW          802    .bss                24l01.o
    0x200005f4   0x00000076   Zero   RW          958    .bss                android.o
    0x2000066a   0x00000002   PAD
    0x2000066c   0x00000138   Zero   RW         1042    .bss                control.o
    0x200007a4   0x00000058   Zero   RW         1088    .bss                dbus.o
    0x200007fc   0x00000004   PAD
    0x20000800   0x00000c18   Zero   RW         1157    .bss                gps.o
    0x20001418   0x00000010   Zero   RW         1185    .bss                hcsr04.o
    0x20001428   0x0000009c   Zero   RW         1211    .bss                height_control.o
    0x200014c4   0x00000050   Zero   RW         1237    .bss                hmc5883.o
    0x20001514   0x0000000c   Zero   RW         1264    .bss                imu.o
    0x20001520   0x0000013c   Zero   RW         1342    .bss                mpu6050.o
    0x2000165c   0x00000038   Zero   RW         1368    .bss                ms5611.o
    0x20001694   0x00000048   Zero   RW         1418    .bss                parameter.o
    0x200016dc   0x00000010   Zero   RW         1470    .bss                pwm_out.o
    0x200016ec   0x0000000c   Zero   RW         1498    .bss                schedule.o
    0x200016f8   0x00000078   Zero   RW         1571    .bss                time.o
    0x20001770   0x00000400   Zero   RW           86    STACK               startup_stm32f4xx.o


==============================================================================

Image component sizes


      Code (inc. data)   RO Data    RW Data    ZI Data      Debug   Object Name

         0          0          0          0         64     211916   24l01.o
      1080         52          0          6        118       3422   android.o
       348         26          0          4          0      28425   board.o
         0          0          0          0        312       1047   control.o
       816         50          0          0         88       2117   dbus.o
      3992        336          0        272          0      14480   filter.o
       204          6          0          0          0       2273   flash.o
      8716        514          0          8       3096       8345   gps.o
       400         38          0          0         16       1610   hcsr04.o
         0          0          0          0        156        719   height_control.o
         0          0          0          0         80       1337   hmc5883.o
         0          0          0         64         12        885   imu.o
        52          4          0          0          0       1042   led.o
        28          6          0          0          0        443   main.o
       224         20          0          0          0     272549   misc.o
         0          0          0          0        316       5763   mpu6050.o
       908         70          0         12         56       3909   ms5611.o
      1256        110          0       1028          0       4131   mymath.o
       680         78          0          0         72       2006   parameter.o
      2116        108          0          8         16       2219   pwm_out.o
       284         22          0          9         12       2265   schedule.o
       856         10          0          1          0       4042   softiic.o
        36          8        392          0       1024        824   startup_stm32f4xx.o
       936         32          0          0          0      18909   stm32f4xx_dma.o
       284         10          0          0          0       4623   stm32f4xx_exti.o
      1212         26          0          0          0      12325   stm32f4xx_flash.o
       604         36          0          0          0      10393   stm32f4xx_gpio.o
       132         16          0          0          0       1382   stm32f4xx_it.o
      1416         48          0         16          0      23847   stm32f4xx_rcc.o
       140         12          0          0          0       1675   stm32f4xx_syscfg.o
      3234         60          0          0          0      42688   stm32f4xx_tim.o
      1050         26          0          0          0      13728   stm32f4xx_usart.o
       528         46          0         20          0       1827   system_stm32f4xx.o
       148          8          0          0        120       1136   time.o
       776         30          0          4          0       1611   uart5.o

    ----------------------------------------------------------------------
     32460       1808        424       1456       5564     709913   Object Totals
         0          0         32          0          0          0   (incl. Generated)
         4          0          0          4          6          0   (incl. Padding)

    ----------------------------------------------------------------------

      Code (inc. data)   RO Data    RW Data    ZI Data      Debug   Library Member Name

       200         20          0          0          0        164   cos.o
       368         46         48          0          0        200   cos_i.o
       336         56          0          0          0        136   cosf.o
       184         44          0          0          0        744   dunder.o
        24          0          0          0          0        124   fabs.o
        48          0          0          0          0        124   fpclassify.o
        38          0          0          0          0        116   fpclassifyf.o
        38         12          0          0          0        348   funder.o
       248          0          0          0          0        152   poly.o
      3152        296        136          0          0        352   pow.o
         0          0          8          0          0          0   qnan.o
      1080        142        200          0          0        188   rred.o
       340         24         32          0          0        160   rredf.o
       200         20          0          0          0        164   sin.o
       304         24         40          0          0        208   sin_i.o
       110          0          0          0          0        148   sqrt.o
       380         58          0          0          0        200   tanf.o
        86          0          0          0          0          0   __dczerorl2.o
         0          0          0          0          0          0   entry.o
         0          0          0          0          0          0   entry10a.o
         0          0          0          0          0          0   entry11a.o
         8          4          0          0          0          0   entry2.o
         4          0          0          0          0          0   entry5.o
         0          0          0          0          0          0   entry7b.o
         0          0          0          0          0          0   entry8b.o
         8          4          0          0          0          0   entry9a.o
        12          6          0          4          0         68   errno.o
        30          0          0          0          0          0   handlers.o
        36          8          0          0          0         68   init.o
         0          0          0          0          0          0   iusefp.o
        30          0          0          0          0         68   llshl.o
        36          0          0          0          0         68   llsshr.o
        32          0          0          0          0         68   llushr.o
        48          0          0          0          0         68   cdcmple.o
        48          0          0          0          0         68   cdrcmple.o
        56          0          0          0          0         88   d2f.o
       334          0          0          0          0        148   dadd.o
       222          0          0          0          0        100   ddiv.o
       186          0          0          0          0        176   depilogue.o
        62          0          0          0          0         80   dfixi.o
        34          0          0          0          0         76   dflti.o
        26          0          0          0          0         76   dfltui.o
       228          0          0          0          0         96   dmul.o
        46          0          0          0          0         80   dscalb.o
       162          0          0          0          0        100   dsqrt.o
        38          0          0          0          0         68   f2d.o
       110          0          0          0          0        168   fepilogue.o

    ----------------------------------------------------------------------
      8948        768        464          4          0       5260   Library Totals
        16          4          0          0          0          0   (incl. Padding)

    ----------------------------------------------------------------------

      Code (inc. data)   RO Data    RW Data    ZI Data      Debug   Library Name

      7050        742        464          0          0       3528   m_wm.l
       282         22          0          4          0        340   mc_w.l
      1600          0          0          0          0       1392   mf_w.l

    ----------------------------------------------------------------------
      8948        768        464          4          0       5260   Library Totals

    ----------------------------------------------------------------------

==============================================================================


      Code (inc. data)   RO Data    RW Data    ZI Data      Debug   

     41408       2576        888       1460       5564     706725   Grand Totals
     41408       2576        888       1064       5564     706725   ELF Image Totals (compressed)
     41408       2576        888       1064          0          0   ROM Totals

==============================================================================

    Total RO  Size (Code + RO Data)                42296 (  41.30kB)
    Total RW  Size (RW Data + ZI Data)              7024 (   6.86kB)
    Total ROM Size (Code + RO Data + RW Data)      43360 (  42.34kB)

==============================================================================

